16:50:11 **** Incremental Build of configuration Debug for project SerCom ****
make -j12 all 
arm-none-eabi-size   SerCom.elf 
   text	   data	    bss	    dec	    hex	filename
   7656	     16	   1672	   9344	   2480	SerCom.elf
Finished building: default.size.stdout
 
16:50:28 **** Incremental Build of configuration Debug for project SerCom ****
make -j12 all 
arm-none-eabi-size   SerCom.elf 
   text	   data	    bss	    dec	    hex	filename
   7656	     16	   1672	   9344	   2480	SerCom.elf
Finished building: default.size.stdout
 
16:52:11 **** Incremental Build of configuration Debug for project SerCom ****
make -j12 all 
arm-none-eabi-size   SerCom.elf 
   text	   data	    bss	    dec	    hex	filename
   7656	     16	   1672	   9344	   2480	SerCom.elf
Finished building: default.size.stdout
 
16:53:38 **** Incremental Build of configuration Debug for project SerCom ****
make -j12 all 
arm-none-eabi-size   SerCom.elf 
   text	   data	    bss	    dec	    hex	filename
   7656	     16	   1672	   9344	   2480	SerCom.elf
Finished building: default.size.stdout
 
16:53:39 **** Incremental Build of configuration Debug for project SerCom ****
make -j12 all 
arm-none-eabi-size   SerCom.elf 
   text	   data	    bss	    dec	    hex	filename
   7656	     16	   1672	   9344	   2480	SerCom.elf
Finished building: default.size.stdout
 
16:53:55 **** Incremental Build of configuration Debug for project SerCom ****
make -j12 all 
arm-none-eabi-size   SerCom.elf 
   text	   data	    bss	    dec	    hex	filename
   7656	     16	   1672	   9344	   2480	SerCom.elf
Finished building: default.size.stdout
 
17:01:04 **** Incremental Build of configuration Debug for project Audio ****
make -j12 all 
arm-none-eabi-gcc "../Core/Src/audio.c" -mcpu=cortex-m4 -std=gnu11 -g3 -DDEBUG -DUSE_HAL_DRIVER -DSTM32F407xx -c -I../Core/Inc -I../Drivers/STM32F4xx_HAL_Driver/Inc -I../Drivers/STM32F4xx_HAL_Driver/Inc/Legacy -I../Drivers/CMSIS/Device/ST/STM32F4xx/Include -I../Drivers/CMSIS/Include -O0 -ffunction-sections -fdata-sections -Wall -fstack-usage -MMD -MP -MF"Core/Src/audio.d" -MT"Core/Src/audio.o" --specs=nano.specs -mfpu=fpv4-sp-d16 -mfloat-abi=hard -mthumb -o "Core/Src/audio.o"
arm-none-eabi-gcc "../Core/Src/main.c" -mcpu=cortex-m4 -std=gnu11 -g3 -DDEBUG -DUSE_HAL_DRIVER -DSTM32F407xx -c -I../Core/Inc -I../Drivers/STM32F4xx_HAL_Driver/Inc -I../Drivers/STM32F4xx_HAL_Driver/Inc/Legacy -I../Drivers/CMSIS/Device/ST/STM32F4xx/Include -I../Drivers/CMSIS/Include -O0 -ffunction-sections -fdata-sections -Wall -fstack-usage -MMD -MP -MF"Core/Src/main.d" -MT"Core/Src/main.o" --specs=nano.specs -mfpu=fpv4-sp-d16 -mfloat-abi=hard -mthumb -o "Core/Src/main.o"
In file included from ../Core/Inc/audio.h:1,
                 from ../Core/Inc/audio.h:1,
                 from ../Core/Inc/audio.h:1,
                 from ../Core/Inc/audio.h:1,
                 from ../Core/Inc/audio.h:1,
                 from ../Core/Inc/audio.h:1,
                 from ../Core/Inc/audio.h:1,
                 from ../Core/Inc/audio.h:1,
                 from ../Core/Inc/audio.h:1,
                 from ../Core/Inc/audio.h:1,
                 from ../Core/Inc/audio.h:1,
                 from ../Core/Inc/audio.h:1,
                 from ../Core/Inc/audio.h:1,
                 from ../Core/Inc/audio.h:1,
                 from ../Core/Inc/audio.h:1,
                 from ../Core/Inc/audio.h:1,
                 from ../Core/Inc/audio.h:1,
                 from ../Core/Inc/audio.h:1,
                 from ../Core/Inc/audio.h:1,
                 from ../Core/Inc/audio.h:1,
                 from ../Core/Inc/audio.h:1,
                 from ../Core/Inc/audio.h:1,
                 from ../Core/Inc/audio.h:1,
                 from ../Core/Inc/audio.h:1,
                 from ../Core/Inc/audio.h:1,
                 from ../Core/Inc/audio.h:1,
                 from ../Core/Inc/audio.h:1,
                 from ../Core/Inc/audio.h:1,
                 from ../Core/Inc/audio.h:1,
                 from ../Core/Inc/audio.h:1,
                 from ../Core/Inc/audio.h:1,
                 from ../Core/Inc/audio.h:1,
                 from ../Core/Inc/audio.h:1,
                 from ../Core/Inc/audio.h:1,
                 from ../Core/Inc/audio.h:1,
                 from ../Core/Inc/audio.h:1,
                 from ../Core/Inc/audio.h:1,
                 from ../Core/Inc/audio.h:1,
                 from ../Core/Inc/audio.h:1,
                 from ../Core/Inc/audio.h:1,
                 from ../Core/Inc/audio.h:1,
                 from ../Core/Inc/audio.h:1,
                 from ../Core/Inc/audio.h:1,
                 from ../Core/Inc/audio.h:1,
                 from ../Core/Inc/audio.h:1,
                 from ../Core/Inc/audio.h:1,
                 from ../Core/Inc/audio.h:1,
                 from ../Core/Inc/audio.h:1,
                 from ../Core/Inc/audio.h:1,
                 from ../Core/Inc/audio.h:1,
                 from ../Core/Inc/audio.h:1,
                 from ../Core/Inc/audio.h:1,
                 from ../Core/Inc/audio.h:1,
                 from ../Core/Inc/audio.h:1,
                 from ../Core/Inc/audio.h:1,
                 from ../Core/Inc/audio.h:1,
                 from ../Core/Inc/audio.h:1,
                 from ../Core/Inc/audio.h:1,
                 from ../Core/Inc/audio.h:1,
                 from ../Core/Inc/audio.h:1,
                 from ../Core/Inc/audio.h:1,
                 from ../Core/Inc/audio.h:1,
                 from ../Core/Inc/audio.h:1,
                 from ../Core/Inc/audio.h:1,
                 from ../Core/Inc/audio.h:1,
                 from ../Core/Inc/audio.h:1,
                 from ../Core/Inc/audio.h:1,
                 from ../Core/Inc/audio.h:1,
                 from ../Core/Inc/audio.h:1,
                 from ../Core/Inc/audio.h:1,
                 from ../Core/Inc/audio.h:1,
                 from ../Core/Inc/audio.h:1,
                 from ../Core/Inc/audio.h:1,
                 from ../Core/Inc/audio.h:1,
                 from ../Core/Inc/audio.h:1,
                 from ../Core/Inc/audio.h:1,
                 from ../Core/Inc/audio.h:1,
                 from ../Core/Inc/audio.h:1,
                 from ../Core/Inc/audio.h:1,
                 from ../Core/Inc/audio.h:1,
                 from ../Core/Inc/audio.h:1,
                 from ../Core/Inc/audio.h:1,
                 from ../Core/Inc/audio.h:1,
                 from ../Core/Inc/audio.h:1,
                 from ../Core/Inc/audio.h:1,
                 from ../Core/Inc/audio.h:1,
                 from ../Core/Inc/audio.h:1,
                 from ../Core/Inc/audio.h:1,
                 from ../Core/Inc/audio.h:1,
                 from ../Core/Inc/audio.h:1,
                 from ../Core/Inc/audio.h:1,
                 from ../Core/Inc/audio.h:1,
                 from ../Core/Inc/audio.h:1,
                 from ../Core/Inc/audio.h:1,
                 from ../Core/Inc/audio.h:1,
                 from ../Core/Inc/audio.h:1,
                 from ../Core/Inc/audio.h:1,
                 from ../Core/Inc/audio.h:1,
                 from ../Core/Inc/audio.h:1,
                 from ../Core/Inc/audio.h:1,
                 from ../Core/Inc/audio.h:1,
                 from ../Core/Inc/audio.h:1,
                 from ../Core/Inc/audio.h:1,
                 from ../Core/Inc/audio.h:1,
                 from ../Core/Inc/audio.h:1,
                 from ../Core/Inc/audio.h:1,
                 from ../Core/Inc/audio.h:1,
                 from ../Core/Inc/audio.h:1,
                 from ../Core/Inc/audio.h:1,
                 from ../Core/Inc/audio.h:1,
                 from ../Core/Inc/audio.h:1,
                 from ../Core/Inc/audio.h:1,
                 from ../Core/Inc/audio.h:1,
                 from ../Core/Inc/audio.h:1,
                 from ../Core/Inc/audio.h:1,
                 from ../Core/Inc/audio.h:1,
                 from ../Core/Inc/audio.h:1,
                 from ../Core/Inc/audio.h:1,
                 from ../Core/Inc/audio.h:1,
                 from ../Core/Inc/audio.h:1,
                 from ../Core/Inc/audio.h:1,
                 from ../Core/Inc/audio.h:1,
                 from ../Core/Inc/audio.h:1,
                 from ../Core/Inc/audio.h:1,
                 from ../Core/Inc/audio.h:1,
                 from ../Core/Inc/audio.h:1,
                 from ../Core/Inc/audio.h:1,
                 from ../Core/Inc/audio.h:1,
                 from ../Core/Inc/audio.h:1,
                 from ../Core/Inc/audio.h:1,
                 from ../Core/Inc/audio.h:1,
                 from ../Core/Inc/audio.h:1,
                 from ../Core/Inc/audio.h:1,
                 from ../Core/Inc/audio.h:1,
                 from ../Core/Inc/audio.h:1,
                 from ../Core/Inc/audio.h:1,
                 from ../Core/Inc/audio.h:1,
                 from ../Core/Inc/audio.h:1,
                 from ../Core/Inc/audio.h:1,
                 from ../Core/Inc/audio.h:1,
                 from ../Core/Inc/audio.h:1,
                 from ../Core/Inc/audio.h:1,
                 from ../Core/Inc/audio.h:1,
                 from ../Core/Inc/audio.h:1,
                 from ../Core/Inc/audio.h:1,
                 from ../Core/Inc/audio.h:1,
                 from ../Core/Inc/audio.h:1,
                 from ../Core/Inc/audio.h:1,
                 from ../Core/Inc/audio.h:1,
                 from ../Core/Inc/audio.h:1,
                 from ../Core/Inc/audio.h:1,
                 from ../Core/Inc/audio.h:1,
                 from ../Core/Inc/audio.h:1,
                 from ../Core/Inc/audio.h:1,
                 from ../Core/Inc/audio.h:1,
                 from ../Core/Inc/audio.h:1,
                 from ../Core/Inc/audio.h:1,
                 from ../Core/Inc/audio.h:1,
                 from ../Core/Inc/audio.h:1,
                 from ../Core/Inc/audio.h:1,
                 from ../Core/Inc/audio.h:1,
                 from ../Core/Inc/audio.h:1,
                 from ../Core/Inc/audio.h:1,
                 from ../Core/Inc/audio.h:1,
                 from ../Core/Inc/audio.h:1,
                 from ../Core/Inc/audio.h:1,
                 from ../Core/Inc/audio.h:1,
                 from ../Core/Inc/audio.h:1,
                 from ../Core/Inc/audio.h:1,
                 from ../Core/Inc/audio.h:1,
                 from ../Core/Inc/audio.h:1,
                 from ../Core/Inc/audio.h:1,
                 from ../Core/Inc/audio.h:1,
                 from ../Core/Inc/audio.h:1,
                 from ../Core/Inc/audio.h:1,
                 from ../Core/Inc/audio.h:1,
                 from ../Core/Inc/audio.h:1,
                 from ../Core/Inc/audio.h:1,
                 from ../Core/Inc/audio.h:1,
                 from ../Core/Inc/audio.h:1,
                 from ../Core/Inc/audio.h:1,
                 from ../Core/Inc/audio.h:1,
                 from ../Core/Inc/audio.h:1,
                 from ../Core/Inc/audio.h:1,
                 from ../Core/Inc/audio.h:1,
                 from ../Core/Inc/audio.h:1,
                 from ../Core/Inc/audio.h:1,
                 from ../Core/Inc/audio.h:1,
                 from ../Core/Inc/audio.h:1,
                 from ../Core/Inc/audio.h:1,
                 from ../Core/Inc/audio.h:1,
                 from ../Core/Inc/audio.h:1,
                 from ../Core/Inc/audio.h:1,
                 from ../Core/Inc/audio.h:1,
                 from ../Core/Inc/audio.h:1,
                 from ../Core/Inc/audio.h:1,
                 from ../Core/Inc/audio.h:1,
                 from ../Core/Inc/audio.h:1,
                 from ../Core/Src/audio.c:1:
../Core/Inc/audio.h:1:19: error: #include nested too deeply
    1 | #include "audio.h"
      |                   ^
../Core/Inc/audio.h:2:18: error: #include nested too deeply
    2 | #include "gpio.h"
      |                  ^
../Core/Inc/audio.h:3:17: error: #include nested too deeply
    3 | #include "i2c.h"
      |                 ^
../Core/Inc/audio.h:4:17: error: #include nested too deeply
    4 | #include "i2s.h"
      |                 ^
In file included from ../Core/Inc/audio.h:2,
                 from ../Core/Inc/audio.h:1,
                 from ../Core/Inc/audio.h:1,
                 from ../Core/Inc/audio.h:1,
                 from ../Core/Inc/audio.h:1,
                 from ../Core/Inc/audio.h:1,
                 from ../Core/Inc/audio.h:1,
                 from ../Core/Inc/audio.h:1,
                 from ../Core/Inc/audio.h:1,
                 from ../Core/Inc/audio.h:1,
                 from ../Core/Inc/audio.h:1,
                 from ../Core/Inc/audio.h:1,
                 from ../Core/Inc/audio.h:1,
                 from ../Core/Inc/audio.h:1,
                 from ../Core/Inc/audio.h:1,
                 from ../Core/Inc/audio.h:1,
                 from ../Core/Inc/audio.h:1,
                 from ../Core/Inc/audio.h:1,
                 from ../Core/Inc/audio.h:1,
                 from ../Core/Inc/audio.h:1,
                 from ../Core/Inc/audio.h:1,
                 from ../Core/Inc/audio.h:1,
                 from ../Core/Inc/audio.h:1,
                 from ../Core/Inc/audio.h:1,
                 from ../Core/Inc/audio.h:1,
                 from ../Core/Inc/audio.h:1,
                 from ../Core/Inc/audio.h:1,
                 from ../Core/Inc/audio.h:1,
                 from ../Core/Inc/audio.h:1,
                 from ../Core/Inc/audio.h:1,
                 from ../Core/Inc/audio.h:1,
                 from ../Core/Inc/audio.h:1,
                 from ../Core/Inc/audio.h:1,
                 from ../Core/Inc/audio.h:1,
                 from ../Core/Inc/audio.h:1,
                 from ../Core/Inc/audio.h:1,
                 from ../Core/Inc/audio.h:1,
                 from ../Core/Inc/audio.h:1,
                 from ../Core/Inc/audio.h:1,
                 from ../Core/Inc/audio.h:1,
                 from ../Core/Inc/audio.h:1,
                 from ../Core/Inc/audio.h:1,
                 from ../Core/Inc/audio.h:1,
                 from ../Core/Inc/audio.h:1,
                 from ../Core/Inc/audio.h:1,
                 from ../Core/Inc/audio.h:1,
                 from ../Core/Inc/audio.h:1,
                 from ../Core/Inc/audio.h:1,
                 from ../Core/Inc/audio.h:1,
                 from ../Core/Inc/audio.h:1,
                 from ../Core/Inc/audio.h:1,
                 from ../Core/Inc/audio.h:1,
                 from ../Core/Inc/audio.h:1,
                 from ../Core/Inc/audio.h:1,
                 from ../Core/Inc/audio.h:1,
                 from ../Core/Inc/audio.h:1,
                 from ../Core/Inc/audio.h:1,
                 from ../Core/Inc/audio.h:1,
                 from ../Core/Inc/audio.h:1,
                 from ../Core/Inc/audio.h:1,
                 from ../Core/Inc/audio.h:1,
                 from ../Core/Inc/audio.h:1,
                 from ../Core/Inc/audio.h:1,
                 from ../Core/Inc/audio.h:1,
                 from ../Core/Inc/audio.h:1,
                 from ../Core/Inc/audio.h:1,
                 from ../Core/Inc/audio.h:1,
                 from ../Core/Inc/audio.h:1,
                 from ../Core/Inc/audio.h:1,
                 from ../Core/Inc/audio.h:1,
                 from ../Core/Inc/audio.h:1,
                 from ../Core/Inc/audio.h:1,
                 from ../Core/Inc/audio.h:1,
                 from ../Core/Inc/audio.h:1,
                 from ../Core/Inc/audio.h:1,
                 from ../Core/Inc/audio.h:1,
                 from ../Core/Inc/audio.h:1,
                 from ../Core/Inc/audio.h:1,
                 from ../Core/Inc/audio.h:1,
                 from ../Core/Inc/audio.h:1,
                 from ../Core/Inc/audio.h:1,
                 from ../Core/Inc/audio.h:1,
                 from ../Core/Inc/audio.h:1,
                 from ../Core/Inc/audio.h:1,
                 from ../Core/Inc/audio.h:1,
                 from ../Core/Inc/audio.h:1,
                 from ../Core/Inc/audio.h:1,
                 from ../Core/Inc/audio.h:1,
                 from ../Core/Inc/audio.h:1,
                 from ../Core/Inc/audio.h:1,
                 from ../Core/Inc/audio.h:1,
                 from ../Core/Inc/audio.h:1,
                 from ../Core/Inc/audio.h:1,
                 from ../Core/Inc/audio.h:1,
                 from ../Core/Inc/audio.h:1,
                 from ../Core/Inc/audio.h:1,
                 from ../Core/Inc/audio.h:1,
                 from ../Core/Inc/audio.h:1,
                 from ../Core/Inc/audio.h:1,
                 from ../Core/Inc/audio.h:1,
                 from ../Core/Inc/audio.h:1,
                 from ../Core/Inc/audio.h:1,
                 from ../Core/Inc/audio.h:1,
                 from ../Core/Inc/audio.h:1,
                 from ../Core/Inc/audio.h:1,
                 from ../Core/Inc/audio.h:1,
                 from ../Core/Inc/audio.h:1,
                 from ../Core/Inc/audio.h:1,
                 from ../Core/Inc/audio.h:1,
                 from ../Core/Inc/audio.h:1,
                 from ../Core/Inc/audio.h:1,
                 from ../Core/Inc/audio.h:1,
                 from ../Core/Inc/audio.h:1,
                 from ../Core/Inc/audio.h:1,
                 from ../Core/Inc/audio.h:1,
                 from ../Core/Inc/audio.h:1,
                 from ../Core/Inc/audio.h:1,
                 from ../Core/Inc/audio.h:1,
                 from ../Core/Inc/audio.h:1,
                 from ../Core/Inc/audio.h:1,
                 from ../Core/Inc/audio.h:1,
                 from ../Core/Inc/audio.h:1,
                 from ../Core/Inc/audio.h:1,
                 from ../Core/Inc/audio.h:1,
                 from ../Core/Inc/audio.h:1,
                 from ../Core/Inc/audio.h:1,
                 from ../Core/Inc/audio.h:1,
                 from ../Core/Inc/audio.h:1,
                 from ../Core/Inc/audio.h:1,
                 from ../Core/Inc/audio.h:1,
                 from ../Core/Inc/audio.h:1,
                 from ../Core/Inc/audio.h:1,
                 from ../Core/Inc/audio.h:1,
                 from ../Core/Inc/audio.h:1,
                 from ../Core/Inc/audio.h:1,
                 from ../Core/Inc/audio.h:1,
                 from ../Core/Inc/audio.h:1,
                 from ../Core/Inc/audio.h:1,
                 from ../Core/Inc/audio.h:1,
                 from ../Core/Inc/audio.h:1,
                 from ../Core/Inc/audio.h:1,
                 from ../Core/Inc/audio.h:1,
                 from ../Core/Inc/audio.h:1,
                 from ../Core/Inc/audio.h:1,
                 from ../Core/Inc/audio.h:1,
                 from ../Core/Inc/audio.h:1,
                 from ../Core/Inc/audio.h:1,
                 from ../Core/Inc/audio.h:1,
                 from ../Core/Inc/audio.h:1,
                 from ../Core/Inc/audio.h:1,
                 from ../Core/Inc/audio.h:1,
                 from ../Core/Inc/audio.h:1,
                 from ../Core/Inc/audio.h:1,
                 from ../Core/Inc/audio.h:1,
                 from ../Core/Inc/audio.h:1,
                 from ../Core/Inc/audio.h:1,
                 from ../Core/Inc/audio.h:1,
                 from ../Core/Inc/audio.h:1,
                 from ../Core/Inc/audio.h:1,
                 from ../Core/Inc/audio.h:1,
                 from ../Core/Inc/audio.h:1,
                 from ../Core/Inc/audio.h:1,
                 from ../Core/Inc/audio.h:1,
                 from ../Core/Inc/audio.h:1,
                 from ../Core/Inc/audio.h:1,
                 from ../Core/Inc/audio.h:1,
                 from ../Core/Inc/audio.h:1,
                 from ../Core/Inc/audio.h:1,
                 from ../Core/Inc/audio.h:1,
                 from ../Core/Inc/audio.h:1,
                 from ../Core/Inc/audio.h:1,
                 from ../Core/Inc/audio.h:1,
                 from ../Core/Inc/audio.h:1,
                 from ../Core/Inc/audio.h:1,
                 from ../Core/Inc/audio.h:1,
                 from ../Core/Inc/audio.h:1,
                 from ../Core/Inc/audio.h:1,
                 from ../Core/Inc/audio.h:1,
                 from ../Core/Inc/audio.h:1,
                 from ../Core/Inc/audio.h:1,
                 from ../Core/Inc/audio.h:1,
                 from ../Core/Inc/audio.h:1,
                 from ../Core/Inc/audio.h:1,
                 from ../Core/Inc/audio.h:1,
                 from ../Core/Inc/audio.h:1,
                 from ../Core/Inc/audio.h:1,
                 from ../Core/Inc/audio.h:1,
                 from ../Core/Inc/audio.h:1,
                 from ../Core/Inc/audio.h:1,
                 from ../Core/Inc/audio.h:1,
                 from ../Core/Inc/audio.h:1,
                 from ../Core/Inc/audio.h:1,
                 from ../Core/Inc/audio.h:1,
                 from ../Core/Inc/audio.h:1,
                 from ../Core/Inc/audio.h:1,
                 from ../Core/Inc/audio.h:1,
                 from ../Core/Inc/audio.h:1,
                 from ../Core/Inc/audio.h:1,
                 from ../Core/Src/audio.c:1:
../Core/Inc/gpio.h:29:18: error: #include nested too deeply
   29 | #include "main.h"
      |                  ^
In file included from ../Core/Inc/audio.h:3,
                 from ../Core/Inc/audio.h:1,
                 from ../Core/Inc/audio.h:1,
                 from ../Core/Inc/audio.h:1,
                 from ../Core/Inc/audio.h:1,
                 from ../Core/Inc/audio.h:1,
                 from ../Core/Inc/audio.h:1,
                 from ../Core/Inc/audio.h:1,
                 from ../Core/Inc/audio.h:1,
                 from ../Core/Inc/audio.h:1,
                 from ../Core/Inc/audio.h:1,
                 from ../Core/Inc/audio.h:1,
                 from ../Core/Inc/audio.h:1,
                 from ../Core/Inc/audio.h:1,
                 from ../Core/Inc/audio.h:1,
                 from ../Core/Inc/audio.h:1,
                 from ../Core/Inc/audio.h:1,
                 from ../Core/Inc/audio.h:1,
                 from ../Core/Inc/audio.h:1,
                 from ../Core/Inc/audio.h:1,
                 from ../Core/Inc/audio.h:1,
                 from ../Core/Inc/audio.h:1,
                 from ../Core/Inc/audio.h:1,
                 from ../Core/Inc/audio.h:1,
                 from ../Core/Inc/audio.h:1,
                 from ../Core/Inc/audio.h:1,
                 from ../Core/Inc/audio.h:1,
                 from ../Core/Inc/audio.h:1,
                 from ../Core/Inc/audio.h:1,
                 from ../Core/Inc/audio.h:1,
                 from ../Core/Inc/audio.h:1,
                 from ../Core/Inc/audio.h:1,
                 from ../Core/Inc/audio.h:1,
                 from ../Core/Inc/audio.h:1,
                 from ../Core/Inc/audio.h:1,
                 from ../Core/Inc/audio.h:1,
                 from ../Core/Inc/audio.h:1,
                 from ../Core/Inc/audio.h:1,
                 from ../Core/Inc/audio.h:1,
                 from ../Core/Inc/audio.h:1,
                 from ../Core/Inc/audio.h:1,
                 from ../Core/Inc/audio.h:1,
                 from ../Core/Inc/audio.h:1,
                 from ../Core/Inc/audio.h:1,
                 from ../Core/Inc/audio.h:1,
                 from ../Core/Inc/audio.h:1,
                 from ../Core/Inc/audio.h:1,
                 from ../Core/Inc/audio.h:1,
                 from ../Core/Inc/audio.h:1,
                 from ../Core/Inc/audio.h:1,
                 from ../Core/Inc/audio.h:1,
                 from ../Core/Inc/audio.h:1,
                 from ../Core/Inc/audio.h:1,
                 from ../Core/Inc/audio.h:1,
                 from ../Core/Inc/audio.h:1,
                 from ../Core/Inc/audio.h:1,
                 from ../Core/Inc/audio.h:1,
                 from ../Core/Inc/audio.h:1,
                 from ../Core/Inc/audio.h:1,
                 from ../Core/Inc/audio.h:1,
                 from ../Core/Inc/audio.h:1,
                 from ../Core/Inc/audio.h:1,
                 from ../Core/Inc/audio.h:1,
                 from ../Core/Inc/audio.h:1,
                 from ../Core/Inc/audio.h:1,
                 from ../Core/Inc/audio.h:1,
                 from ../Core/Inc/audio.h:1,
                 from ../Core/Inc/audio.h:1,
                 from ../Core/Inc/audio.h:1,
                 from ../Core/Inc/audio.h:1,
                 from ../Core/Inc/audio.h:1,
                 from ../Core/Inc/audio.h:1,
                 from ../Core/Inc/audio.h:1,
                 from ../Core/Inc/audio.h:1,
                 from ../Core/Inc/audio.h:1,
                 from ../Core/Inc/audio.h:1,
                 from ../Core/Inc/audio.h:1,
                 from ../Core/Inc/audio.h:1,
                 from ../Core/Inc/audio.h:1,
                 from ../Core/Inc/audio.h:1,
                 from ../Core/Inc/audio.h:1,
                 from ../Core/Inc/audio.h:1,
                 from ../Core/Inc/audio.h:1,
                 from ../Core/Inc/audio.h:1,
                 from ../Core/Inc/audio.h:1,
                 from ../Core/Inc/audio.h:1,
                 from ../Core/Inc/audio.h:1,
                 from ../Core/Inc/audio.h:1,
                 from ../Core/Inc/audio.h:1,
                 from ../Core/Inc/audio.h:1,
                 from ../Core/Inc/audio.h:1,
                 from ../Core/Inc/audio.h:1,
                 from ../Core/Inc/audio.h:1,
                 from ../Core/Inc/audio.h:1,
                 from ../Core/Inc/audio.h:1,
                 from ../Core/Inc/audio.h:1,
                 from ../Core/Inc/audio.h:1,
                 from ../Core/Inc/audio.h:1,
                 from ../Core/Inc/audio.h:1,
                 from ../Core/Inc/audio.h:1,
                 from ../Core/Inc/audio.h:1,
                 from ../Core/Inc/audio.h:1,
                 from ../Core/Inc/audio.h:1,
                 from ../Core/Inc/audio.h:1,
                 from ../Core/Inc/audio.h:1,
                 from ../Core/Inc/audio.h:1,
                 from ../Core/Inc/audio.h:1,
                 from ../Core/Inc/audio.h:1,
                 from ../Core/Inc/audio.h:1,
                 from ../Core/Inc/audio.h:1,
                 from ../Core/Inc/audio.h:1,
                 from ../Core/Inc/audio.h:1,
                 from ../Core/Inc/audio.h:1,
                 from ../Core/Inc/audio.h:1,
                 from ../Core/Inc/audio.h:1,
                 from ../Core/Inc/audio.h:1,
                 from ../Core/Inc/audio.h:1,
                 from ../Core/Inc/audio.h:1,
                 from ../Core/Inc/audio.h:1,
                 from ../Core/Inc/audio.h:1,
                 from ../Core/Inc/audio.h:1,
                 from ../Core/Inc/audio.h:1,
                 from ../Core/Inc/audio.h:1,
                 from ../Core/Inc/audio.h:1,
                 from ../Core/Inc/audio.h:1,
                 from ../Core/Inc/audio.h:1,
                 from ../Core/Inc/audio.h:1,
                 from ../Core/Inc/audio.h:1,
                 from ../Core/Inc/audio.h:1,
                 from ../Core/Inc/audio.h:1,
                 from ../Core/Inc/audio.h:1,
                 from ../Core/Inc/audio.h:1,
                 from ../Core/Inc/audio.h:1,
                 from ../Core/Inc/audio.h:1,
                 from ../Core/Inc/audio.h:1,
                 from ../Core/Inc/audio.h:1,
                 from ../Core/Inc/audio.h:1,
                 from ../Core/Inc/audio.h:1,
                 from ../Core/Inc/audio.h:1,
                 from ../Core/Inc/audio.h:1,
                 from ../Core/Inc/audio.h:1,
                 from ../Core/Inc/audio.h:1,
                 from ../Core/Inc/audio.h:1,
                 from ../Core/Inc/audio.h:1,
                 from ../Core/Inc/audio.h:1,
                 from ../Core/Inc/audio.h:1,
                 from ../Core/Inc/audio.h:1,
                 from ../Core/Inc/audio.h:1,
                 from ../Core/Inc/audio.h:1,
                 from ../Core/Inc/audio.h:1,
                 from ../Core/Inc/audio.h:1,
                 from ../Core/Inc/audio.h:1,
                 from ../Core/Inc/audio.h:1,
                 from ../Core/Inc/audio.h:1,
                 from ../Core/Inc/audio.h:1,
                 from ../Core/Inc/audio.h:1,
                 from ../Core/Inc/audio.h:1,
                 from ../Core/Inc/audio.h:1,
                 from ../Core/Inc/audio.h:1,
                 from ../Core/Inc/audio.h:1,
                 from ../Core/Inc/audio.h:1,
                 from ../Core/Inc/audio.h:1,
                 from ../Core/Inc/audio.h:1,
                 from ../Core/Inc/audio.h:1,
                 from ../Core/Inc/audio.h:1,
                 from ../Core/Inc/audio.h:1,
                 from ../Core/Inc/audio.h:1,
                 from ../Core/Inc/audio.h:1,
                 from ../Core/Inc/audio.h:1,
                 from ../Core/Inc/audio.h:1,
                 from ../Core/Inc/audio.h:1,
                 from ../Core/Inc/audio.h:1,
                 from ../Core/Inc/audio.h:1,
                 from ../Core/Inc/audio.h:1,
                 from ../Core/Inc/audio.h:1,
                 from ../Core/Inc/audio.h:1,
                 from ../Core/Inc/audio.h:1,
                 from ../Core/Inc/audio.h:1,
                 from ../Core/Inc/audio.h:1,
                 from ../Core/Inc/audio.h:1,
                 from ../Core/Inc/audio.h:1,
                 from ../Core/Inc/audio.h:1,
                 from ../Core/Inc/audio.h:1,
                 from ../Core/Inc/audio.h:1,
                 from ../Core/Inc/audio.h:1,
                 from ../Core/Inc/audio.h:1,
                 from ../Core/Inc/audio.h:1,
                 from ../Core/Inc/audio.h:1,
                 from ../Core/Inc/audio.h:1,
                 from ../Core/Inc/audio.h:1,
                 from ../Core/Inc/audio.h:1,
                 from ../Core/Inc/audio.h:1,
                 from ../Core/Inc/audio.h:1,
                 from ../Core/Inc/audio.h:1,
                 from ../Core/Inc/audio.h:1,
                 from ../Core/Inc/audio.h:1,
                 from ../Core/Inc/audio.h:1,
                 from ../Core/Inc/audio.h:1,
                 from ../Core/Src/audio.c:1:
../Core/Inc/i2c.h:29:18: error: #include nested too deeply
   29 | #include "main.h"
      |                  ^
In file included from ../Core/Inc/audio.h:1,
                 from ../Core/Inc/audio.h:1,
                 from ../Core/Inc/audio.h:1,
                 from ../Core/Inc/audio.h:1,
                 from ../Core/Inc/audio.h:1,
                 from ../Core/Inc/audio.h:1,
                 from ../Core/Inc/audio.h:1,
                 from ../Core/Inc/audio.h:1,
                 from ../Core/Inc/audio.h:1,
                 from ../Core/Inc/audio.h:1,
                 from ../Core/Inc/audio.h:1,
                 from ../Core/Inc/audio.h:1,
                 from ../Core/Inc/audio.h:1,
                 from ../Core/Inc/audio.h:1,
                 from ../Core/Inc/audio.h:1,
                 from ../Core/Inc/audio.h:1,
                 from ../Core/Inc/audio.h:1,
                 from ../Core/Inc/audio.h:1,
                 from ../Core/Inc/audio.h:1,
                 from ../Core/Inc/audio.h:1,
                 from ../Core/Inc/audio.h:1,
                 from ../Core/Inc/audio.h:1,
                 from ../Core/Inc/audio.h:1,
                 from ../Core/Inc/audio.h:1,
                 from ../Core/Inc/audio.h:1,
                 from ../Core/Inc/audio.h:1,
                 from ../Core/Inc/audio.h:1,
                 from ../Core/Inc/audio.h:1,
                 from ../Core/Inc/audio.h:1,
                 from ../Core/Inc/audio.h:1,
                 from ../Core/Inc/audio.h:1,
                 from ../Core/Inc/audio.h:1,
                 from ../Core/Inc/audio.h:1,
                 from ../Core/Inc/audio.h:1,
                 from ../Core/Inc/audio.h:1,
                 from ../Core/Inc/audio.h:1,
                 from ../Core/Inc/audio.h:1,
                 from ../Core/Inc/audio.h:1,
                 from ../Core/Inc/audio.h:1,
                 from ../Core/Inc/audio.h:1,
                 from ../Core/Inc/audio.h:1,
                 from ../Core/Inc/audio.h:1,
                 from ../Core/Inc/audio.h:1,
                 from ../Core/Inc/audio.h:1,
                 from ../Core/Inc/audio.h:1,
                 from ../Core/Inc/audio.h:1,
                 from ../Core/Inc/audio.h:1,
                 from ../Core/Inc/audio.h:1,
                 from ../Core/Inc/audio.h:1,
                 from ../Core/Inc/audio.h:1,
                 from ../Core/Inc/audio.h:1,
                 from ../Core/Inc/audio.h:1,
                 from ../Core/Inc/audio.h:1,
                 from ../Core/Inc/audio.h:1,
                 from ../Core/Inc/audio.h:1,
                 from ../Core/Inc/audio.h:1,
                 from ../Core/Inc/audio.h:1,
                 from ../Core/Inc/audio.h:1,
                 from ../Core/Inc/audio.h:1,
                 from ../Core/Inc/audio.h:1,
                 from ../Core/Inc/audio.h:1,
                 from ../Core/Inc/audio.h:1,
                 from ../Core/Inc/audio.h:1,
                 from ../Core/Inc/audio.h:1,
                 from ../Core/Inc/audio.h:1,
                 from ../Core/Inc/audio.h:1,
                 from ../Core/Inc/audio.h:1,
                 from ../Core/Inc/audio.h:1,
                 from ../Core/Inc/audio.h:1,
                 from ../Core/Inc/audio.h:1,
                 from ../Core/Inc/audio.h:1,
                 from ../Core/Inc/audio.h:1,
                 from ../Core/Inc/audio.h:1,
                 from ../Core/Inc/audio.h:1,
                 from ../Core/Inc/audio.h:1,
                 from ../Core/Inc/audio.h:1,
                 from ../Core/Inc/audio.h:1,
                 from ../Core/Inc/audio.h:1,
                 from ../Core/Inc/audio.h:1,
                 from ../Core/Inc/audio.h:1,
                 from ../Core/Inc/audio.h:1,
                 from ../Core/Inc/audio.h:1,
                 from ../Core/Inc/audio.h:1,
                 from ../Core/Inc/audio.h:1,
                 from ../Core/Inc/audio.h:1,
                 from ../Core/Inc/audio.h:1,
                 from ../Core/Inc/audio.h:1,
                 from ../Core/Inc/audio.h:1,
                 from ../Core/Inc/audio.h:1,
                 from ../Core/Inc/audio.h:1,
                 from ../Core/Inc/audio.h:1,
                 from ../Core/Inc/audio.h:1,
                 from ../Core/Inc/audio.h:1,
                 from ../Core/Inc/audio.h:1,
                 from ../Core/Inc/audio.h:1,
                 from ../Core/Inc/audio.h:1,
                 from ../Core/Inc/audio.h:1,
                 from ../Core/Inc/audio.h:1,
                 from ../Core/Inc/audio.h:1,
                 from ../Core/Inc/audio.h:1,
                 from ../Core/Inc/audio.h:1,
                 from ../Core/Inc/audio.h:1,
                 from ../Core/Inc/audio.h:1,
                 from ../Core/Inc/audio.h:1,
                 from ../Core/Inc/audio.h:1,
                 from ../Core/Inc/audio.h:1,
                 from ../Core/Inc/audio.h:1,
                 from ../Core/Inc/audio.h:1,
                 from ../Core/Inc/audio.h:1,
                 from ../Core/Inc/audio.h:1,
                 from ../Core/Inc/audio.h:1,
                 from ../Core/Inc/audio.h:1,
                 from ../Core/Inc/audio.h:1,
                 from ../Core/Inc/audio.h:1,
                 from ../Core/Inc/audio.h:1,
                 from ../Core/Inc/audio.h:1,
                 from ../Core/Inc/audio.h:1,
                 from ../Core/Inc/audio.h:1,
                 from ../Core/Inc/audio.h:1,
                 from ../Core/Inc/audio.h:1,
                 from ../Core/Inc/audio.h:1,
                 from ../Core/Inc/audio.h:1,
                 from ../Core/Inc/audio.h:1,
                 from ../Core/Inc/audio.h:1,
                 from ../Core/Inc/audio.h:1,
                 from ../Core/Inc/audio.h:1,
                 from ../Core/Inc/audio.h:1,
                 from ../Core/Inc/audio.h:1,
                 from ../Core/Inc/audio.h:1,
                 from ../Core/Inc/audio.h:1,
                 from ../Core/Inc/audio.h:1,
                 from ../Core/Inc/audio.h:1,
                 from ../Core/Inc/audio.h:1,
                 from ../Core/Inc/audio.h:1,
                 from ../Core/Inc/audio.h:1,
                 from ../Core/Inc/audio.h:1,
                 from ../Core/Inc/audio.h:1,
                 from ../Core/Inc/audio.h:1,
                 from ../Core/Inc/audio.h:1,
                 from ../Core/Inc/audio.h:1,
                 from ../Core/Inc/audio.h:1,
                 from ../Core/Inc/audio.h:1,
                 from ../Core/Inc/audio.h:1,
                 from ../Core/Inc/audio.h:1,
                 from ../Core/Inc/audio.h:1,
                 from ../Core/Inc/audio.h:1,
                 from ../Core/Inc/audio.h:1,
                 from ../Core/Inc/audio.h:1,
                 from ../Core/Inc/audio.h:1,
                 from ../Core/Inc/audio.h:1,
                 from ../Core/Inc/audio.h:1,
                 from ../Core/Inc/audio.h:1,
                 from ../Core/Inc/audio.h:1,
                 from ../Core/Inc/audio.h:1,
                 from ../Core/Inc/audio.h:1,
                 from ../Core/Inc/audio.h:1,
                 from ../Core/Inc/audio.h:1,
                 from ../Core/Inc/audio.h:1,
                 from ../Core/Inc/audio.h:1,
                 from ../Core/Inc/audio.h:1,
                 from ../Core/Inc/audio.h:1,
                 from ../Core/Inc/audio.h:1,
                 from ../Core/Inc/audio.h:1,
                 from ../Core/Inc/audio.h:1,
                 from ../Core/Inc/audio.h:1,
                 from ../Core/Inc/audio.h:1,
                 from ../Core/Inc/audio.h:1,
                 from ../Core/Inc/audio.h:1,
                 from ../Core/Inc/audio.h:1,
                 from ../Core/Inc/audio.h:1,
                 from ../Core/Inc/audio.h:1,
                 from ../Core/Inc/audio.h:1,
                 from ../Core/Inc/audio.h:1,
                 from ../Core/Inc/audio.h:1,
                 from ../Core/Inc/audio.h:1,
                 from ../Core/Inc/audio.h:1,
                 from ../Core/Inc/audio.h:1,
                 from ../Core/Inc/audio.h:1,
                 from ../Core/Inc/audio.h:1,
                 from ../Core/Inc/audio.h:1,
                 from ../Core/Inc/audio.h:1,
                 from ../Core/Inc/audio.h:1,
                 from ../Core/Inc/audio.h:1,
                 from ../Core/Inc/audio.h:1,
                 from ../Core/Inc/audio.h:1,
                 from ../Core/Inc/audio.h:1,
                 from ../Core/Inc/audio.h:1,
                 from ../Core/Inc/audio.h:1,
                 from ../Core/Inc/audio.h:1,
                 from ../Core/Inc/audio.h:1,
                 from ../Core/Inc/audio.h:1,
                 from ../Core/Inc/audio.h:1,
                 from ../Core/Inc/audio.h:1,
                 from ../Core/Inc/audio.h:1,
                 from ../Core/Inc/audio.h:1,
                 from ../Core/Inc/audio.h:1,
                 from ../Core/Inc/audio.h:1,
                 from ../Core/Inc/audio.h:1,
                 from ../Core/Src/main.c:29:
../Core/Inc/audio.h:1:19: error: #include nested too deeply
    1 | #include "audio.h"
      |                   ^
../Core/Inc/i2c.h:35:8: error: unknown type name 'I2C_HandleTypeDef'
   35 | extern I2C_HandleTypeDef hi2c1;
      |        ^~~~~~~~~~~~~~~~~
../Core/Inc/audio.h:2:18: error: #include nested too deeply
    2 | #include "gpio.h"
      |                  ^
../Core/Inc/audio.h:3:17: error: #include nested too deeply
    3 | #include "i2c.h"
      |                 ^
../Core/Inc/audio.h:4:17: error: #include nested too deeply
    4 | #include "i2s.h"
      |                 ^
In file included from ../Core/Inc/audio.h:4,
                 from ../Core/Inc/audio.h:1,
                 from ../Core/Inc/audio.h:1,
                 from ../Core/Inc/audio.h:1,
                 from ../Core/Inc/audio.h:1,
                 from ../Core/Inc/audio.h:1,
                 from ../Core/Inc/audio.h:1,
                 from ../Core/Inc/audio.h:1,
                 from ../Core/Inc/audio.h:1,
                 from ../Core/Inc/audio.h:1,
                 from ../Core/Inc/audio.h:1,
                 from ../Core/Inc/audio.h:1,
                 from ../Core/Inc/audio.h:1,
                 from ../Core/Inc/audio.h:1,
                 from ../Core/Inc/audio.h:1,
                 from ../Core/Inc/audio.h:1,
                 from ../Core/Inc/audio.h:1,
                 from ../Core/Inc/audio.h:1,
                 from ../Core/Inc/audio.h:1,
                 from ../Core/Inc/audio.h:1,
                 from ../Core/Inc/audio.h:1,
                 from ../Core/Inc/audio.h:1,
                 from ../Core/Inc/audio.h:1,
                 from ../Core/Inc/audio.h:1,
                 from ../Core/Inc/audio.h:1,
                 from ../Core/Inc/audio.h:1,
                 from ../Core/Inc/audio.h:1,
                 from ../Core/Inc/audio.h:1,
                 from ../Core/Inc/audio.h:1,
                 from ../Core/Inc/audio.h:1,
                 from ../Core/Inc/audio.h:1,
                 from ../Core/Inc/audio.h:1,
                 from ../Core/Inc/audio.h:1,
                 from ../Core/Inc/audio.h:1,
                 from ../Core/Inc/audio.h:1,
                 from ../Core/Inc/audio.h:1,
                 from ../Core/Inc/audio.h:1,
                 from ../Core/Inc/audio.h:1,
                 from ../Core/Inc/audio.h:1,
                 from ../Core/Inc/audio.h:1,
                 from ../Core/Inc/audio.h:1,
                 from ../Core/Inc/audio.h:1,
                 from ../Core/Inc/audio.h:1,
                 from ../Core/Inc/audio.h:1,
                 from ../Core/Inc/audio.h:1,
                 from ../Core/Inc/audio.h:1,
                 from ../Core/Inc/audio.h:1,
                 from ../Core/Inc/audio.h:1,
                 from ../Core/Inc/audio.h:1,
                 from ../Core/Inc/audio.h:1,
                 from ../Core/Inc/audio.h:1,
                 from ../Core/Inc/audio.h:1,
                 from ../Core/Inc/audio.h:1,
                 from ../Core/Inc/audio.h:1,
                 from ../Core/Inc/audio.h:1,
                 from ../Core/Inc/audio.h:1,
                 from ../Core/Inc/audio.h:1,
                 from ../Core/Inc/audio.h:1,
                 from ../Core/Inc/audio.h:1,
                 from ../Core/Inc/audio.h:1,
                 from ../Core/Inc/audio.h:1,
                 from ../Core/Inc/audio.h:1,
                 from ../Core/Inc/audio.h:1,
                 from ../Core/Inc/audio.h:1,
                 from ../Core/Inc/audio.h:1,
                 from ../Core/Inc/audio.h:1,
                 from ../Core/Inc/audio.h:1,
                 from ../Core/Inc/audio.h:1,
                 from ../Core/Inc/audio.h:1,
                 from ../Core/Inc/audio.h:1,
                 from ../Core/Inc/audio.h:1,
                 from ../Core/Inc/audio.h:1,
                 from ../Core/Inc/audio.h:1,
                 from ../Core/Inc/audio.h:1,
                 from ../Core/Inc/audio.h:1,
                 from ../Core/Inc/audio.h:1,
                 from ../Core/Inc/audio.h:1,
                 from ../Core/Inc/audio.h:1,
                 from ../Core/Inc/audio.h:1,
                 from ../Core/Inc/audio.h:1,
                 from ../Core/Inc/audio.h:1,
                 from ../Core/Inc/audio.h:1,
                 from ../Core/Inc/audio.h:1,
                 from ../Core/Inc/audio.h:1,
                 from ../Core/Inc/audio.h:1,
                 from ../Core/Inc/audio.h:1,
                 from ../Core/Inc/audio.h:1,
                 from ../Core/Inc/audio.h:1,
                 from ../Core/Inc/audio.h:1,
                 from ../Core/Inc/audio.h:1,
                 from ../Core/Inc/audio.h:1,
                 from ../Core/Inc/audio.h:1,
                 from ../Core/Inc/audio.h:1,
                 from ../Core/Inc/audio.h:1,
                 from ../Core/Inc/audio.h:1,
                 from ../Core/Inc/audio.h:1,
                 from ../Core/Inc/audio.h:1,
                 from ../Core/Inc/audio.h:1,
                 from ../Core/Inc/audio.h:1,
                 from ../Core/Inc/audio.h:1,
                 from ../Core/Inc/audio.h:1,
                 from ../Core/Inc/audio.h:1,
                 from ../Core/Inc/audio.h:1,
                 from ../Core/Inc/audio.h:1,
                 from ../Core/Inc/audio.h:1,
                 from ../Core/Inc/audio.h:1,
                 from ../Core/Inc/audio.h:1,
                 from ../Core/Inc/audio.h:1,
                 from ../Core/Inc/audio.h:1,
                 from ../Core/Inc/audio.h:1,
                 from ../Core/Inc/audio.h:1,
                 from ../Core/Inc/audio.h:1,
                 from ../Core/Inc/audio.h:1,
                 from ../Core/Inc/audio.h:1,
                 from ../Core/Inc/audio.h:1,
                 from ../Core/Inc/audio.h:1,
                 from ../Core/Inc/audio.h:1,
                 from ../Core/Inc/audio.h:1,
                 from ../Core/Inc/audio.h:1,
                 from ../Core/Inc/audio.h:1,
                 from ../Core/Inc/audio.h:1,
                 from ../Core/Inc/audio.h:1,
                 from ../Core/Inc/audio.h:1,
                 from ../Core/Inc/audio.h:1,
                 from ../Core/Inc/audio.h:1,
                 from ../Core/Inc/audio.h:1,
                 from ../Core/Inc/audio.h:1,
                 from ../Core/Inc/audio.h:1,
                 from ../Core/Inc/audio.h:1,
                 from ../Core/Inc/audio.h:1,
                 from ../Core/Inc/audio.h:1,
                 from ../Core/Inc/audio.h:1,
                 from ../Core/Inc/audio.h:1,
                 from ../Core/Inc/audio.h:1,
                 from ../Core/Inc/audio.h:1,
                 from ../Core/Inc/audio.h:1,
                 from ../Core/Inc/audio.h:1,
                 from ../Core/Inc/audio.h:1,
                 from ../Core/Inc/audio.h:1,
                 from ../Core/Inc/audio.h:1,
                 from ../Core/Inc/audio.h:1,
                 from ../Core/Inc/audio.h:1,
                 from ../Core/Inc/audio.h:1,
                 from ../Core/Inc/audio.h:1,
                 from ../Core/Inc/audio.h:1,
                 from ../Core/Inc/audio.h:1,
                 from ../Core/Inc/audio.h:1,
                 from ../Core/Inc/audio.h:1,
                 from ../Core/Inc/audio.h:1,
                 from ../Core/Inc/audio.h:1,
                 from ../Core/Inc/audio.h:1,
                 from ../Core/Inc/audio.h:1,
                 from ../Core/Inc/audio.h:1,
                 from ../Core/Inc/audio.h:1,
                 from ../Core/Inc/audio.h:1,
                 from ../Core/Inc/audio.h:1,
                 from ../Core/Inc/audio.h:1,
                 from ../Core/Inc/audio.h:1,
                 from ../Core/Inc/audio.h:1,
                 from ../Core/Inc/audio.h:1,
                 from ../Core/Inc/audio.h:1,
                 from ../Core/Inc/audio.h:1,
                 from ../Core/Inc/audio.h:1,
                 from ../Core/Inc/audio.h:1,
                 from ../Core/Inc/audio.h:1,
                 from ../Core/Inc/audio.h:1,
                 from ../Core/Inc/audio.h:1,
                 from ../Core/Inc/audio.h:1,
                 from ../Core/Inc/audio.h:1,
                 from ../Core/Inc/audio.h:1,
                 from ../Core/Inc/audio.h:1,
                 from ../Core/Inc/audio.h:1,
                 from ../Core/Inc/audio.h:1,
                 from ../Core/Inc/audio.h:1,
                 from ../Core/Inc/audio.h:1,
                 from ../Core/Inc/audio.h:1,
                 from ../Core/Inc/audio.h:1,
                 from ../Core/Inc/audio.h:1,
                 from ../Core/Inc/audio.h:1,
                 from ../Core/Inc/audio.h:1,
                 from ../Core/Inc/audio.h:1,
                 from ../Core/Inc/audio.h:1,
                 from ../Core/Inc/audio.h:1,
                 from ../Core/Inc/audio.h:1,
                 from ../Core/Inc/audio.h:1,
                 from ../Core/Inc/audio.h:1,
                 from ../Core/Inc/audio.h:1,
                 from ../Core/Inc/audio.h:1,
                 from ../Core/Inc/audio.h:1,
                 from ../Core/Inc/audio.h:1,
                 from ../Core/Inc/audio.h:1,
                 from ../Core/Inc/audio.h:1,
                 from ../Core/Inc/audio.h:1,
                 from ../Core/Inc/audio.h:1,
                 from ../Core/Inc/audio.h:1,
                 from ../Core/Inc/audio.h:1,
                 from ../Core/Inc/audio.h:1,
                 from ../Core/Inc/audio.h:1,
                 from ../Core/Src/audio.c:1:
../Core/Inc/i2s.h:29:18: error: #include nested too deeply
   29 | #include "main.h"
      |                  ^
make: *** [Core/Src/subdir.mk:46: Core/Src/main.o] Error 1
make: *** Waiting for unfinished jobs....
../Core/Inc/i2s.h:35:8: error: unknown type name 'I2S_HandleTypeDef'
   35 | extern I2S_HandleTypeDef hi2s3;
      |        ^~~~~~~~~~~~~~~~~
../Core/Src/audio.c: In function 'init_AudioReset':
../Core/Src/audio.c:7:2: warning: implicit declaration of function 'HAL_GPIO_WritePin' [-Wimplicit-function-declaration]
    7 |  HAL_GPIO_WritePin (GPIOD , AUDIO_RESET_PIN , GPIO_PIN_SET );
      |  ^~~~~~~~~~~~~~~~~
../Core/Src/audio.c:7:21: error: 'GPIOD' undeclared (first use in this function)
    7 |  HAL_GPIO_WritePin (GPIOD , AUDIO_RESET_PIN , GPIO_PIN_SET );
      |                     ^~~~~
../Core/Src/audio.c:7:21: note: each undeclared identifier is reported only once for each function it appears in
In file included from ../Core/Src/audio.c:1:
../Core/Inc/audio.h:6:25: error: 'GPIO_PIN_4' undeclared (first use in this function)
    6 | #define AUDIO_RESET_PIN GPIO_PIN_4
      |                         ^~~~~~~~~~
../Core/Src/audio.c:7:29: note: in expansion of macro 'AUDIO_RESET_PIN'
    7 |  HAL_GPIO_WritePin (GPIOD , AUDIO_RESET_PIN , GPIO_PIN_SET );
      |                             ^~~~~~~~~~~~~~~
../Core/Src/audio.c:7:47: error: 'GPIO_PIN_SET' undeclared (first use in this function)
    7 |  HAL_GPIO_WritePin (GPIOD , AUDIO_RESET_PIN , GPIO_PIN_SET );
      |                                               ^~~~~~~~~~~~
../Core/Src/audio.c: In function 'configAudio':
../Core/Src/audio.c:11:1: error: unknown type name 'uint8_t'
   11 | uint8_t bytes [2];
      | ^~~~~~~
../Core/Src/audio.c:18:1: warning: implicit declaration of function 'HAL_I2C_Master_Transmit' [-Wimplicit-function-declaration]
   18 | HAL_I2C_Master_Transmit (& hi2c1 , AUDIO_I2C_ADDRESS , bytes , 2, 100) ;
      | ^~~~~~~~~~~~~~~~~~~~~~~
make: *** [Core/Src/subdir.mk:46: Core/Src/audio.o] Error 1
"make -j12 all" terminated with exit code 2. Build might be incomplete.
17:02:05 **** Incremental Build of configuration Debug for project Audio ****
make -j12 all 
arm-none-eabi-gcc "../Core/Src/audio.c" -mcpu=cortex-m4 -std=gnu11 -g3 -DDEBUG -DUSE_HAL_DRIVER -DSTM32F407xx -c -I../Core/Inc -I../Drivers/STM32F4xx_HAL_Driver/Inc -I../Drivers/STM32F4xx_HAL_Driver/Inc/Legacy -I../Drivers/CMSIS/Device/ST/STM32F4xx/Include -I../Drivers/CMSIS/Include -O0 -ffunction-sections -fdata-sections -Wall -fstack-usage -MMD -MP -MF"Core/Src/audio.d" -MT"Core/Src/audio.o" --specs=nano.specs -mfpu=fpv4-sp-d16 -mfloat-abi=hard -mthumb -o "Core/Src/audio.o"
arm-none-eabi-gcc "../Core/Src/main.c" -mcpu=cortex-m4 -std=gnu11 -g3 -DDEBUG -DUSE_HAL_DRIVER -DSTM32F407xx -c -I../Core/Inc -I../Drivers/STM32F4xx_HAL_Driver/Inc -I../Drivers/STM32F4xx_HAL_Driver/Inc/Legacy -I../Drivers/CMSIS/Device/ST/STM32F4xx/Include -I../Drivers/CMSIS/Include -O0 -ffunction-sections -fdata-sections -Wall -fstack-usage -MMD -MP -MF"Core/Src/main.d" -MT"Core/Src/main.o" --specs=nano.specs -mfpu=fpv4-sp-d16 -mfloat-abi=hard -mthumb -o "Core/Src/main.o"
arm-none-eabi-gcc -o "Audio.elf" @"objects.list"   -mcpu=cortex-m4 -T"C:\Users\Damir\Desktop\WES Radionica\Audio\STM32F407VGTX_FLASH.ld" --specs=nosys.specs -Wl,-Map="Audio.map" -Wl,--gc-sections -static --specs=nano.specs -mfpu=fpv4-sp-d16 -mfloat-abi=hard -mthumb -Wl,--start-group -lc -lm -Wl,--end-group
Finished building target: Audio.elf
 
arm-none-eabi-size   Audio.elf 
arm-none-eabi-objdump -h -S  Audio.elf  > "Audio.list"
arm-none-eabi-objcopy  -O binary  Audio.elf  "Audio.bin"
   text	   data	    bss	    dec	    hex	filename
  17840	    120	   1752	  19712	   4d00	Audio.elf
Finished building: default.size.stdout
 
Finished building: Audio.bin
 
Finished building: Audio.list
 
17:06:41 **** Incremental Build of configuration Debug for project Audio ****
make -j12 all 
arm-none-eabi-gcc "../Core/Src/audio.c" -mcpu=cortex-m4 -std=gnu11 -g3 -DDEBUG -DUSE_HAL_DRIVER -DSTM32F407xx -c -I../Core/Inc -I../Drivers/STM32F4xx_HAL_Driver/Inc -I../Drivers/STM32F4xx_HAL_Driver/Inc/Legacy -I../Drivers/CMSIS/Device/ST/STM32F4xx/Include -I../Drivers/CMSIS/Include -O0 -ffunction-sections -fdata-sections -Wall -fstack-usage -MMD -MP -MF"Core/Src/audio.d" -MT"Core/Src/audio.o" --specs=nano.specs -mfpu=fpv4-sp-d16 -mfloat-abi=hard -mthumb -o "Core/Src/audio.o"
arm-none-eabi-gcc "../Core/Src/main.c" -mcpu=cortex-m4 -std=gnu11 -g3 -DDEBUG -DUSE_HAL_DRIVER -DSTM32F407xx -c -I../Core/Inc -I../Drivers/STM32F4xx_HAL_Driver/Inc -I../Drivers/STM32F4xx_HAL_Driver/Inc/Legacy -I../Drivers/CMSIS/Device/ST/STM32F4xx/Include -I../Drivers/CMSIS/Include -O0 -ffunction-sections -fdata-sections -Wall -fstack-usage -MMD -MP -MF"Core/Src/main.d" -MT"Core/Src/main.o" --specs=nano.specs -mfpu=fpv4-sp-d16 -mfloat-abi=hard -mthumb -o "Core/Src/main.o"
arm-none-eabi-gcc -o "Audio.elf" @"objects.list"   -mcpu=cortex-m4 -T"C:\Users\Damir\Desktop\WES Radionica\Audio\STM32F407VGTX_FLASH.ld" --specs=nosys.specs -Wl,-Map="Audio.map" -Wl,--gc-sections -static --specs=nano.specs -mfpu=fpv4-sp-d16 -mfloat-abi=hard -mthumb -Wl,--start-group -lc -lm -Wl,--end-group
Finished building target: Audio.elf
 
arm-none-eabi-size   Audio.elf 
arm-none-eabi-objdump -h -S  Audio.elf  > "Audio.list"
arm-none-eabi-objcopy  -O binary  Audio.elf  "Audio.bin"
   text	   data	    bss	    dec	    hex	filename
  17840	    120	   1752	  19712	   4d00	Audio.elf
Finished building: default.size.stdout
 
Finished building: Audio.bin
 
Finished building: Audio.list
 
17:26:44 **** Incremental Build of configuration Debug for project Audio ****
make -j12 all 
arm-none-eabi-gcc "../Drivers/STM32F4xx_HAL_Driver/Src/stm32f4xx_hal.c" -mcpu=cortex-m4 -std=gnu11 -g3 -DDEBUG -DUSE_HAL_DRIVER -DSTM32F407xx -c -I../Core/Inc -I../Drivers/STM32F4xx_HAL_Driver/Inc -I../Drivers/STM32F4xx_HAL_Driver/Inc/Legacy -I../Drivers/CMSIS/Device/ST/STM32F4xx/Include -I../Drivers/CMSIS/Include -O0 -ffunction-sections -fdata-sections -Wall -fstack-usage -MMD -MP -MF"Drivers/STM32F4xx_HAL_Driver/Src/stm32f4xx_hal.d" -MT"Drivers/STM32F4xx_HAL_Driver/Src/stm32f4xx_hal.o" --specs=nano.specs -mfpu=fpv4-sp-d16 -mfloat-abi=hard -mthumb -o "Drivers/STM32F4xx_HAL_Driver/Src/stm32f4xx_hal.o"
arm-none-eabi-gcc "../Drivers/STM32F4xx_HAL_Driver/Src/stm32f4xx_hal_cortex.c" -mcpu=cortex-m4 -std=gnu11 -g3 -DDEBUG -DUSE_HAL_DRIVER -DSTM32F407xx -c -I../Core/Inc -I../Drivers/STM32F4xx_HAL_Driver/Inc -I../Drivers/STM32F4xx_HAL_Driver/Inc/Legacy -I../Drivers/CMSIS/Device/ST/STM32F4xx/Include -I../Drivers/CMSIS/Include -O0 -ffunction-sections -fdata-sections -Wall -fstack-usage -MMD -MP -MF"Drivers/STM32F4xx_HAL_Driver/Src/stm32f4xx_hal_cortex.d" -MT"Drivers/STM32F4xx_HAL_Driver/Src/stm32f4xx_hal_cortex.o" --specs=nano.specs -mfpu=fpv4-sp-d16 -mfloat-abi=hard -mthumb -o "Drivers/STM32F4xx_HAL_Driver/Src/stm32f4xx_hal_cortex.o"
arm-none-eabi-gcc "../Drivers/STM32F4xx_HAL_Driver/Src/stm32f4xx_hal_dma.c" -mcpu=cortex-m4 -std=gnu11 -g3 -DDEBUG -DUSE_HAL_DRIVER -DSTM32F407xx -c -I../Core/Inc -I../Drivers/STM32F4xx_HAL_Driver/Inc -I../Drivers/STM32F4xx_HAL_Driver/Inc/Legacy -I../Drivers/CMSIS/Device/ST/STM32F4xx/Include -I../Drivers/CMSIS/Include -O0 -ffunction-sections -fdata-sections -Wall -fstack-usage -MMD -MP -MF"Drivers/STM32F4xx_HAL_Driver/Src/stm32f4xx_hal_dma.d" -MT"Drivers/STM32F4xx_HAL_Driver/Src/stm32f4xx_hal_dma.o" --specs=nano.specs -mfpu=fpv4-sp-d16 -mfloat-abi=hard -mthumb -o "Drivers/STM32F4xx_HAL_Driver/Src/stm32f4xx_hal_dma.o"
arm-none-eabi-gcc "../Drivers/STM32F4xx_HAL_Driver/Src/stm32f4xx_hal_dma_ex.c" -mcpu=cortex-m4 -std=gnu11 -g3 -DDEBUG -DUSE_HAL_DRIVER -DSTM32F407xx -c -I../Core/Inc -I../Drivers/STM32F4xx_HAL_Driver/Inc -I../Drivers/STM32F4xx_HAL_Driver/Inc/Legacy -I../Drivers/CMSIS/Device/ST/STM32F4xx/Include -I../Drivers/CMSIS/Include -O0 -ffunction-sections -fdata-sections -Wall -fstack-usage -MMD -MP -MF"Drivers/STM32F4xx_HAL_Driver/Src/stm32f4xx_hal_dma_ex.d" -MT"Drivers/STM32F4xx_HAL_Driver/Src/stm32f4xx_hal_dma_ex.o" --specs=nano.specs -mfpu=fpv4-sp-d16 -mfloat-abi=hard -mthumb -o "Drivers/STM32F4xx_HAL_Driver/Src/stm32f4xx_hal_dma_ex.o"
arm-none-eabi-gcc "../Drivers/STM32F4xx_HAL_Driver/Src/stm32f4xx_hal_exti.c" -mcpu=cortex-m4 -std=gnu11 -g3 -DDEBUG -DUSE_HAL_DRIVER -DSTM32F407xx -c -I../Core/Inc -I../Drivers/STM32F4xx_HAL_Driver/Inc -I../Drivers/STM32F4xx_HAL_Driver/Inc/Legacy -I../Drivers/CMSIS/Device/ST/STM32F4xx/Include -I../Drivers/CMSIS/Include -O0 -ffunction-sections -fdata-sections -Wall -fstack-usage -MMD -MP -MF"Drivers/STM32F4xx_HAL_Driver/Src/stm32f4xx_hal_exti.d" -MT"Drivers/STM32F4xx_HAL_Driver/Src/stm32f4xx_hal_exti.o" --specs=nano.specs -mfpu=fpv4-sp-d16 -mfloat-abi=hard -mthumb -o "Drivers/STM32F4xx_HAL_Driver/Src/stm32f4xx_hal_exti.o"
arm-none-eabi-gcc "../Drivers/STM32F4xx_HAL_Driver/Src/stm32f4xx_hal_flash.c" -mcpu=cortex-m4 -std=gnu11 -g3 -DDEBUG -DUSE_HAL_DRIVER -DSTM32F407xx -c -I../Core/Inc -I../Drivers/STM32F4xx_HAL_Driver/Inc -I../Drivers/STM32F4xx_HAL_Driver/Inc/Legacy -I../Drivers/CMSIS/Device/ST/STM32F4xx/Include -I../Drivers/CMSIS/Include -O0 -ffunction-sections -fdata-sections -Wall -fstack-usage -MMD -MP -MF"Drivers/STM32F4xx_HAL_Driver/Src/stm32f4xx_hal_flash.d" -MT"Drivers/STM32F4xx_HAL_Driver/Src/stm32f4xx_hal_flash.o" --specs=nano.specs -mfpu=fpv4-sp-d16 -mfloat-abi=hard -mthumb -o "Drivers/STM32F4xx_HAL_Driver/Src/stm32f4xx_hal_flash.o"
arm-none-eabi-gcc "../Drivers/STM32F4xx_HAL_Driver/Src/stm32f4xx_hal_flash_ex.c" -mcpu=cortex-m4 -std=gnu11 -g3 -DDEBUG -DUSE_HAL_DRIVER -DSTM32F407xx -c -I../Core/Inc -I../Drivers/STM32F4xx_HAL_Driver/Inc -I../Drivers/STM32F4xx_HAL_Driver/Inc/Legacy -I../Drivers/CMSIS/Device/ST/STM32F4xx/Include -I../Drivers/CMSIS/Include -O0 -ffunction-sections -fdata-sections -Wall -fstack-usage -MMD -MP -MF"Drivers/STM32F4xx_HAL_Driver/Src/stm32f4xx_hal_flash_ex.d" -MT"Drivers/STM32F4xx_HAL_Driver/Src/stm32f4xx_hal_flash_ex.o" --specs=nano.specs -mfpu=fpv4-sp-d16 -mfloat-abi=hard -mthumb -o "Drivers/STM32F4xx_HAL_Driver/Src/stm32f4xx_hal_flash_ex.o"
arm-none-eabi-gcc "../Drivers/STM32F4xx_HAL_Driver/Src/stm32f4xx_hal_flash_ramfunc.c" -mcpu=cortex-m4 -std=gnu11 -g3 -DDEBUG -DUSE_HAL_DRIVER -DSTM32F407xx -c -I../Core/Inc -I../Drivers/STM32F4xx_HAL_Driver/Inc -I../Drivers/STM32F4xx_HAL_Driver/Inc/Legacy -I../Drivers/CMSIS/Device/ST/STM32F4xx/Include -I../Drivers/CMSIS/Include -O0 -ffunction-sections -fdata-sections -Wall -fstack-usage -MMD -MP -MF"Drivers/STM32F4xx_HAL_Driver/Src/stm32f4xx_hal_flash_ramfunc.d" -MT"Drivers/STM32F4xx_HAL_Driver/Src/stm32f4xx_hal_flash_ramfunc.o" --specs=nano.specs -mfpu=fpv4-sp-d16 -mfloat-abi=hard -mthumb -o "Drivers/STM32F4xx_HAL_Driver/Src/stm32f4xx_hal_flash_ramfunc.o"
arm-none-eabi-gcc "../Drivers/STM32F4xx_HAL_Driver/Src/stm32f4xx_hal_gpio.c" -mcpu=cortex-m4 -std=gnu11 -g3 -DDEBUG -DUSE_HAL_DRIVER -DSTM32F407xx -c -I../Core/Inc -I../Drivers/STM32F4xx_HAL_Driver/Inc -I../Drivers/STM32F4xx_HAL_Driver/Inc/Legacy -I../Drivers/CMSIS/Device/ST/STM32F4xx/Include -I../Drivers/CMSIS/Include -O0 -ffunction-sections -fdata-sections -Wall -fstack-usage -MMD -MP -MF"Drivers/STM32F4xx_HAL_Driver/Src/stm32f4xx_hal_gpio.d" -MT"Drivers/STM32F4xx_HAL_Driver/Src/stm32f4xx_hal_gpio.o" --specs=nano.specs -mfpu=fpv4-sp-d16 -mfloat-abi=hard -mthumb -o "Drivers/STM32F4xx_HAL_Driver/Src/stm32f4xx_hal_gpio.o"
arm-none-eabi-gcc "../Drivers/STM32F4xx_HAL_Driver/Src/stm32f4xx_hal_i2c.c" -mcpu=cortex-m4 -std=gnu11 -g3 -DDEBUG -DUSE_HAL_DRIVER -DSTM32F407xx -c -I../Core/Inc -I../Drivers/STM32F4xx_HAL_Driver/Inc -I../Drivers/STM32F4xx_HAL_Driver/Inc/Legacy -I../Drivers/CMSIS/Device/ST/STM32F4xx/Include -I../Drivers/CMSIS/Include -O0 -ffunction-sections -fdata-sections -Wall -fstack-usage -MMD -MP -MF"Drivers/STM32F4xx_HAL_Driver/Src/stm32f4xx_hal_i2c.d" -MT"Drivers/STM32F4xx_HAL_Driver/Src/stm32f4xx_hal_i2c.o" --specs=nano.specs -mfpu=fpv4-sp-d16 -mfloat-abi=hard -mthumb -o "Drivers/STM32F4xx_HAL_Driver/Src/stm32f4xx_hal_i2c.o"
arm-none-eabi-gcc "../Drivers/STM32F4xx_HAL_Driver/Src/stm32f4xx_hal_i2c_ex.c" -mcpu=cortex-m4 -std=gnu11 -g3 -DDEBUG -DUSE_HAL_DRIVER -DSTM32F407xx -c -I../Core/Inc -I../Drivers/STM32F4xx_HAL_Driver/Inc -I../Drivers/STM32F4xx_HAL_Driver/Inc/Legacy -I../Drivers/CMSIS/Device/ST/STM32F4xx/Include -I../Drivers/CMSIS/Include -O0 -ffunction-sections -fdata-sections -Wall -fstack-usage -MMD -MP -MF"Drivers/STM32F4xx_HAL_Driver/Src/stm32f4xx_hal_i2c_ex.d" -MT"Drivers/STM32F4xx_HAL_Driver/Src/stm32f4xx_hal_i2c_ex.o" --specs=nano.specs -mfpu=fpv4-sp-d16 -mfloat-abi=hard -mthumb -o "Drivers/STM32F4xx_HAL_Driver/Src/stm32f4xx_hal_i2c_ex.o"
arm-none-eabi-gcc "../Drivers/STM32F4xx_HAL_Driver/Src/stm32f4xx_hal_i2s.c" -mcpu=cortex-m4 -std=gnu11 -g3 -DDEBUG -DUSE_HAL_DRIVER -DSTM32F407xx -c -I../Core/Inc -I../Drivers/STM32F4xx_HAL_Driver/Inc -I../Drivers/STM32F4xx_HAL_Driver/Inc/Legacy -I../Drivers/CMSIS/Device/ST/STM32F4xx/Include -I../Drivers/CMSIS/Include -O0 -ffunction-sections -fdata-sections -Wall -fstack-usage -MMD -MP -MF"Drivers/STM32F4xx_HAL_Driver/Src/stm32f4xx_hal_i2s.d" -MT"Drivers/STM32F4xx_HAL_Driver/Src/stm32f4xx_hal_i2s.o" --specs=nano.specs -mfpu=fpv4-sp-d16 -mfloat-abi=hard -mthumb -o "Drivers/STM32F4xx_HAL_Driver/Src/stm32f4xx_hal_i2s.o"
arm-none-eabi-gcc "../Drivers/STM32F4xx_HAL_Driver/Src/stm32f4xx_hal_i2s_ex.c" -mcpu=cortex-m4 -std=gnu11 -g3 -DDEBUG -DUSE_HAL_DRIVER -DSTM32F407xx -c -I../Core/Inc -I../Drivers/STM32F4xx_HAL_Driver/Inc -I../Drivers/STM32F4xx_HAL_Driver/Inc/Legacy -I../Drivers/CMSIS/Device/ST/STM32F4xx/Include -I../Drivers/CMSIS/Include -O0 -ffunction-sections -fdata-sections -Wall -fstack-usage -MMD -MP -MF"Drivers/STM32F4xx_HAL_Driver/Src/stm32f4xx_hal_i2s_ex.d" -MT"Drivers/STM32F4xx_HAL_Driver/Src/stm32f4xx_hal_i2s_ex.o" --specs=nano.specs -mfpu=fpv4-sp-d16 -mfloat-abi=hard -mthumb -o "Drivers/STM32F4xx_HAL_Driver/Src/stm32f4xx_hal_i2s_ex.o"
arm-none-eabi-gcc "../Drivers/STM32F4xx_HAL_Driver/Src/stm32f4xx_hal_pwr.c" -mcpu=cortex-m4 -std=gnu11 -g3 -DDEBUG -DUSE_HAL_DRIVER -DSTM32F407xx -c -I../Core/Inc -I../Drivers/STM32F4xx_HAL_Driver/Inc -I../Drivers/STM32F4xx_HAL_Driver/Inc/Legacy -I../Drivers/CMSIS/Device/ST/STM32F4xx/Include -I../Drivers/CMSIS/Include -O0 -ffunction-sections -fdata-sections -Wall -fstack-usage -MMD -MP -MF"Drivers/STM32F4xx_HAL_Driver/Src/stm32f4xx_hal_pwr.d" -MT"Drivers/STM32F4xx_HAL_Driver/Src/stm32f4xx_hal_pwr.o" --specs=nano.specs -mfpu=fpv4-sp-d16 -mfloat-abi=hard -mthumb -o "Drivers/STM32F4xx_HAL_Driver/Src/stm32f4xx_hal_pwr.o"
arm-none-eabi-gcc "../Drivers/STM32F4xx_HAL_Driver/Src/stm32f4xx_hal_pwr_ex.c" -mcpu=cortex-m4 -std=gnu11 -g3 -DDEBUG -DUSE_HAL_DRIVER -DSTM32F407xx -c -I../Core/Inc -I../Drivers/STM32F4xx_HAL_Driver/Inc -I../Drivers/STM32F4xx_HAL_Driver/Inc/Legacy -I../Drivers/CMSIS/Device/ST/STM32F4xx/Include -I../Drivers/CMSIS/Include -O0 -ffunction-sections -fdata-sections -Wall -fstack-usage -MMD -MP -MF"Drivers/STM32F4xx_HAL_Driver/Src/stm32f4xx_hal_pwr_ex.d" -MT"Drivers/STM32F4xx_HAL_Driver/Src/stm32f4xx_hal_pwr_ex.o" --specs=nano.specs -mfpu=fpv4-sp-d16 -mfloat-abi=hard -mthumb -o "Drivers/STM32F4xx_HAL_Driver/Src/stm32f4xx_hal_pwr_ex.o"
arm-none-eabi-gcc "../Drivers/STM32F4xx_HAL_Driver/Src/stm32f4xx_hal_rcc.c" -mcpu=cortex-m4 -std=gnu11 -g3 -DDEBUG -DUSE_HAL_DRIVER -DSTM32F407xx -c -I../Core/Inc -I../Drivers/STM32F4xx_HAL_Driver/Inc -I../Drivers/STM32F4xx_HAL_Driver/Inc/Legacy -I../Drivers/CMSIS/Device/ST/STM32F4xx/Include -I../Drivers/CMSIS/Include -O0 -ffunction-sections -fdata-sections -Wall -fstack-usage -MMD -MP -MF"Drivers/STM32F4xx_HAL_Driver/Src/stm32f4xx_hal_rcc.d" -MT"Drivers/STM32F4xx_HAL_Driver/Src/stm32f4xx_hal_rcc.o" --specs=nano.specs -mfpu=fpv4-sp-d16 -mfloat-abi=hard -mthumb -o "Drivers/STM32F4xx_HAL_Driver/Src/stm32f4xx_hal_rcc.o"
arm-none-eabi-gcc "../Drivers/STM32F4xx_HAL_Driver/Src/stm32f4xx_hal_rcc_ex.c" -mcpu=cortex-m4 -std=gnu11 -g3 -DDEBUG -DUSE_HAL_DRIVER -DSTM32F407xx -c -I../Core/Inc -I../Drivers/STM32F4xx_HAL_Driver/Inc -I../Drivers/STM32F4xx_HAL_Driver/Inc/Legacy -I../Drivers/CMSIS/Device/ST/STM32F4xx/Include -I../Drivers/CMSIS/Include -O0 -ffunction-sections -fdata-sections -Wall -fstack-usage -MMD -MP -MF"Drivers/STM32F4xx_HAL_Driver/Src/stm32f4xx_hal_rcc_ex.d" -MT"Drivers/STM32F4xx_HAL_Driver/Src/stm32f4xx_hal_rcc_ex.o" --specs=nano.specs -mfpu=fpv4-sp-d16 -mfloat-abi=hard -mthumb -o "Drivers/STM32F4xx_HAL_Driver/Src/stm32f4xx_hal_rcc_ex.o"
arm-none-eabi-gcc "../Drivers/STM32F4xx_HAL_Driver/Src/stm32f4xx_hal_tim.c" -mcpu=cortex-m4 -std=gnu11 -g3 -DDEBUG -DUSE_HAL_DRIVER -DSTM32F407xx -c -I../Core/Inc -I../Drivers/STM32F4xx_HAL_Driver/Inc -I../Drivers/STM32F4xx_HAL_Driver/Inc/Legacy -I../Drivers/CMSIS/Device/ST/STM32F4xx/Include -I../Drivers/CMSIS/Include -O0 -ffunction-sections -fdata-sections -Wall -fstack-usage -MMD -MP -MF"Drivers/STM32F4xx_HAL_Driver/Src/stm32f4xx_hal_tim.d" -MT"Drivers/STM32F4xx_HAL_Driver/Src/stm32f4xx_hal_tim.o" --specs=nano.specs -mfpu=fpv4-sp-d16 -mfloat-abi=hard -mthumb -o "Drivers/STM32F4xx_HAL_Driver/Src/stm32f4xx_hal_tim.o"
arm-none-eabi-gcc "../Drivers/STM32F4xx_HAL_Driver/Src/stm32f4xx_hal_tim_ex.c" -mcpu=cortex-m4 -std=gnu11 -g3 -DDEBUG -DUSE_HAL_DRIVER -DSTM32F407xx -c -I../Core/Inc -I../Drivers/STM32F4xx_HAL_Driver/Inc -I../Drivers/STM32F4xx_HAL_Driver/Inc/Legacy -I../Drivers/CMSIS/Device/ST/STM32F4xx/Include -I../Drivers/CMSIS/Include -O0 -ffunction-sections -fdata-sections -Wall -fstack-usage -MMD -MP -MF"Drivers/STM32F4xx_HAL_Driver/Src/stm32f4xx_hal_tim_ex.d" -MT"Drivers/STM32F4xx_HAL_Driver/Src/stm32f4xx_hal_tim_ex.o" --specs=nano.specs -mfpu=fpv4-sp-d16 -mfloat-abi=hard -mthumb -o "Drivers/STM32F4xx_HAL_Driver/Src/stm32f4xx_hal_tim_ex.o"
arm-none-eabi-gcc "../Core/Src/audio.c" -mcpu=cortex-m4 -std=gnu11 -g3 -DDEBUG -DUSE_HAL_DRIVER -DSTM32F407xx -c -I../Core/Inc -I../Drivers/STM32F4xx_HAL_Driver/Inc -I../Drivers/STM32F4xx_HAL_Driver/Inc/Legacy -I../Drivers/CMSIS/Device/ST/STM32F4xx/Include -I../Drivers/CMSIS/Include -O0 -ffunction-sections -fdata-sections -Wall -fstack-usage -MMD -MP -MF"Core/Src/audio.d" -MT"Core/Src/audio.o" --specs=nano.specs -mfpu=fpv4-sp-d16 -mfloat-abi=hard -mthumb -o "Core/Src/audio.o"
arm-none-eabi-gcc "../Core/Src/gpio.c" -mcpu=cortex-m4 -std=gnu11 -g3 -DDEBUG -DUSE_HAL_DRIVER -DSTM32F407xx -c -I../Core/Inc -I../Drivers/STM32F4xx_HAL_Driver/Inc -I../Drivers/STM32F4xx_HAL_Driver/Inc/Legacy -I../Drivers/CMSIS/Device/ST/STM32F4xx/Include -I../Drivers/CMSIS/Include -O0 -ffunction-sections -fdata-sections -Wall -fstack-usage -MMD -MP -MF"Core/Src/gpio.d" -MT"Core/Src/gpio.o" --specs=nano.specs -mfpu=fpv4-sp-d16 -mfloat-abi=hard -mthumb -o "Core/Src/gpio.o"
arm-none-eabi-gcc "../Core/Src/i2c.c" -mcpu=cortex-m4 -std=gnu11 -g3 -DDEBUG -DUSE_HAL_DRIVER -DSTM32F407xx -c -I../Core/Inc -I../Drivers/STM32F4xx_HAL_Driver/Inc -I../Drivers/STM32F4xx_HAL_Driver/Inc/Legacy -I../Drivers/CMSIS/Device/ST/STM32F4xx/Include -I../Drivers/CMSIS/Include -O0 -ffunction-sections -fdata-sections -Wall -fstack-usage -MMD -MP -MF"Core/Src/i2c.d" -MT"Core/Src/i2c.o" --specs=nano.specs -mfpu=fpv4-sp-d16 -mfloat-abi=hard -mthumb -o "Core/Src/i2c.o"
arm-none-eabi-gcc "../Core/Src/i2s.c" -mcpu=cortex-m4 -std=gnu11 -g3 -DDEBUG -DUSE_HAL_DRIVER -DSTM32F407xx -c -I../Core/Inc -I../Drivers/STM32F4xx_HAL_Driver/Inc -I../Drivers/STM32F4xx_HAL_Driver/Inc/Legacy -I../Drivers/CMSIS/Device/ST/STM32F4xx/Include -I../Drivers/CMSIS/Include -O0 -ffunction-sections -fdata-sections -Wall -fstack-usage -MMD -MP -MF"Core/Src/i2s.d" -MT"Core/Src/i2s.o" --specs=nano.specs -mfpu=fpv4-sp-d16 -mfloat-abi=hard -mthumb -o "Core/Src/i2s.o"
arm-none-eabi-gcc "../Core/Src/main.c" -mcpu=cortex-m4 -std=gnu11 -g3 -DDEBUG -DUSE_HAL_DRIVER -DSTM32F407xx -c -I../Core/Inc -I../Drivers/STM32F4xx_HAL_Driver/Inc -I../Drivers/STM32F4xx_HAL_Driver/Inc/Legacy -I../Drivers/CMSIS/Device/ST/STM32F4xx/Include -I../Drivers/CMSIS/Include -O0 -ffunction-sections -fdata-sections -Wall -fstack-usage -MMD -MP -MF"Core/Src/main.d" -MT"Core/Src/main.o" --specs=nano.specs -mfpu=fpv4-sp-d16 -mfloat-abi=hard -mthumb -o "Core/Src/main.o"
arm-none-eabi-gcc "../Core/Src/stm32f4xx_hal_msp.c" -mcpu=cortex-m4 -std=gnu11 -g3 -DDEBUG -DUSE_HAL_DRIVER -DSTM32F407xx -c -I../Core/Inc -I../Drivers/STM32F4xx_HAL_Driver/Inc -I../Drivers/STM32F4xx_HAL_Driver/Inc/Legacy -I../Drivers/CMSIS/Device/ST/STM32F4xx/Include -I../Drivers/CMSIS/Include -O0 -ffunction-sections -fdata-sections -Wall -fstack-usage -MMD -MP -MF"Core/Src/stm32f4xx_hal_msp.d" -MT"Core/Src/stm32f4xx_hal_msp.o" --specs=nano.specs -mfpu=fpv4-sp-d16 -mfloat-abi=hard -mthumb -o "Core/Src/stm32f4xx_hal_msp.o"
arm-none-eabi-gcc "../Core/Src/stm32f4xx_it.c" -mcpu=cortex-m4 -std=gnu11 -g3 -DDEBUG -DUSE_HAL_DRIVER -DSTM32F407xx -c -I../Core/Inc -I../Drivers/STM32F4xx_HAL_Driver/Inc -I../Drivers/STM32F4xx_HAL_Driver/Inc/Legacy -I../Drivers/CMSIS/Device/ST/STM32F4xx/Include -I../Drivers/CMSIS/Include -O0 -ffunction-sections -fdata-sections -Wall -fstack-usage -MMD -MP -MF"Core/Src/stm32f4xx_it.d" -MT"Core/Src/stm32f4xx_it.o" --specs=nano.specs -mfpu=fpv4-sp-d16 -mfloat-abi=hard -mthumb -o "Core/Src/stm32f4xx_it.o"
arm-none-eabi-gcc "../Core/Src/system_stm32f4xx.c" -mcpu=cortex-m4 -std=gnu11 -g3 -DDEBUG -DUSE_HAL_DRIVER -DSTM32F407xx -c -I../Core/Inc -I../Drivers/STM32F4xx_HAL_Driver/Inc -I../Drivers/STM32F4xx_HAL_Driver/Inc/Legacy -I../Drivers/CMSIS/Device/ST/STM32F4xx/Include -I../Drivers/CMSIS/Include -O0 -ffunction-sections -fdata-sections -Wall -fstack-usage -MMD -MP -MF"Core/Src/system_stm32f4xx.d" -MT"Core/Src/system_stm32f4xx.o" --specs=nano.specs -mfpu=fpv4-sp-d16 -mfloat-abi=hard -mthumb -o "Core/Src/system_stm32f4xx.o"
arm-none-eabi-gcc -o "Audio.elf" @"objects.list"   -mcpu=cortex-m4 -T"C:\Users\Damir\Desktop\WES Radionica\Audio\STM32F407VGTX_FLASH.ld" --specs=nosys.specs -Wl,-Map="Audio.map" -Wl,--gc-sections -static --specs=nano.specs -mfpu=fpv4-sp-d16 -mfloat-abi=hard -mthumb -Wl,--start-group -lc -lm -Wl,--end-group
Finished building target: Audio.elf
 
arm-none-eabi-size   Audio.elf 
arm-none-eabi-objdump -h -S  Audio.elf  > "Audio.list"
arm-none-eabi-objcopy  -O binary  Audio.elf  "Audio.bin"
   text	   data	    bss	    dec	    hex	filename
  17840	    120	   1752	  19712	   4d00	Audio.elf
Finished building: default.size.stdout
 
Finished building: Audio.bin
 
Finished building: Audio.list
 
17:47:37 **** Incremental Build of configuration Debug for project SerCom ****
make -j12 all 
arm-none-eabi-gcc "../Drivers/STM32F4xx_HAL_Driver/Src/stm32f4xx_hal.c" -mcpu=cortex-m4 -std=gnu11 -g3 -DDEBUG -DUSE_HAL_DRIVER -DSTM32F407xx -c -I../Core/Inc -I../Drivers/STM32F4xx_HAL_Driver/Inc -I../Drivers/STM32F4xx_HAL_Driver/Inc/Legacy -I../Drivers/CMSIS/Device/ST/STM32F4xx/Include -I../Drivers/CMSIS/Include -O0 -ffunction-sections -fdata-sections -Wall -fstack-usage -MMD -MP -MF"Drivers/STM32F4xx_HAL_Driver/Src/stm32f4xx_hal.d" -MT"Drivers/STM32F4xx_HAL_Driver/Src/stm32f4xx_hal.o" --specs=nano.specs -mfpu=fpv4-sp-d16 -mfloat-abi=hard -mthumb -o "Drivers/STM32F4xx_HAL_Driver/Src/stm32f4xx_hal.o"
arm-none-eabi-gcc "../Drivers/STM32F4xx_HAL_Driver/Src/stm32f4xx_hal_cortex.c" -mcpu=cortex-m4 -std=gnu11 -g3 -DDEBUG -DUSE_HAL_DRIVER -DSTM32F407xx -c -I../Core/Inc -I../Drivers/STM32F4xx_HAL_Driver/Inc -I../Drivers/STM32F4xx_HAL_Driver/Inc/Legacy -I../Drivers/CMSIS/Device/ST/STM32F4xx/Include -I../Drivers/CMSIS/Include -O0 -ffunction-sections -fdata-sections -Wall -fstack-usage -MMD -MP -MF"Drivers/STM32F4xx_HAL_Driver/Src/stm32f4xx_hal_cortex.d" -MT"Drivers/STM32F4xx_HAL_Driver/Src/stm32f4xx_hal_cortex.o" --specs=nano.specs -mfpu=fpv4-sp-d16 -mfloat-abi=hard -mthumb -o "Drivers/STM32F4xx_HAL_Driver/Src/stm32f4xx_hal_cortex.o"
arm-none-eabi-gcc "../Drivers/STM32F4xx_HAL_Driver/Src/stm32f4xx_hal_dma.c" -mcpu=cortex-m4 -std=gnu11 -g3 -DDEBUG -DUSE_HAL_DRIVER -DSTM32F407xx -c -I../Core/Inc -I../Drivers/STM32F4xx_HAL_Driver/Inc -I../Drivers/STM32F4xx_HAL_Driver/Inc/Legacy -I../Drivers/CMSIS/Device/ST/STM32F4xx/Include -I../Drivers/CMSIS/Include -O0 -ffunction-sections -fdata-sections -Wall -fstack-usage -MMD -MP -MF"Drivers/STM32F4xx_HAL_Driver/Src/stm32f4xx_hal_dma.d" -MT"Drivers/STM32F4xx_HAL_Driver/Src/stm32f4xx_hal_dma.o" --specs=nano.specs -mfpu=fpv4-sp-d16 -mfloat-abi=hard -mthumb -o "Drivers/STM32F4xx_HAL_Driver/Src/stm32f4xx_hal_dma.o"
arm-none-eabi-gcc "../Drivers/STM32F4xx_HAL_Driver/Src/stm32f4xx_hal_dma_ex.c" -mcpu=cortex-m4 -std=gnu11 -g3 -DDEBUG -DUSE_HAL_DRIVER -DSTM32F407xx -c -I../Core/Inc -I../Drivers/STM32F4xx_HAL_Driver/Inc -I../Drivers/STM32F4xx_HAL_Driver/Inc/Legacy -I../Drivers/CMSIS/Device/ST/STM32F4xx/Include -I../Drivers/CMSIS/Include -O0 -ffunction-sections -fdata-sections -Wall -fstack-usage -MMD -MP -MF"Drivers/STM32F4xx_HAL_Driver/Src/stm32f4xx_hal_dma_ex.d" -MT"Drivers/STM32F4xx_HAL_Driver/Src/stm32f4xx_hal_dma_ex.o" --specs=nano.specs -mfpu=fpv4-sp-d16 -mfloat-abi=hard -mthumb -o "Drivers/STM32F4xx_HAL_Driver/Src/stm32f4xx_hal_dma_ex.o"
arm-none-eabi-gcc "../Drivers/STM32F4xx_HAL_Driver/Src/stm32f4xx_hal_exti.c" -mcpu=cortex-m4 -std=gnu11 -g3 -DDEBUG -DUSE_HAL_DRIVER -DSTM32F407xx -c -I../Core/Inc -I../Drivers/STM32F4xx_HAL_Driver/Inc -I../Drivers/STM32F4xx_HAL_Driver/Inc/Legacy -I../Drivers/CMSIS/Device/ST/STM32F4xx/Include -I../Drivers/CMSIS/Include -O0 -ffunction-sections -fdata-sections -Wall -fstack-usage -MMD -MP -MF"Drivers/STM32F4xx_HAL_Driver/Src/stm32f4xx_hal_exti.d" -MT"Drivers/STM32F4xx_HAL_Driver/Src/stm32f4xx_hal_exti.o" --specs=nano.specs -mfpu=fpv4-sp-d16 -mfloat-abi=hard -mthumb -o "Drivers/STM32F4xx_HAL_Driver/Src/stm32f4xx_hal_exti.o"
arm-none-eabi-gcc "../Drivers/STM32F4xx_HAL_Driver/Src/stm32f4xx_hal_flash.c" -mcpu=cortex-m4 -std=gnu11 -g3 -DDEBUG -DUSE_HAL_DRIVER -DSTM32F407xx -c -I../Core/Inc -I../Drivers/STM32F4xx_HAL_Driver/Inc -I../Drivers/STM32F4xx_HAL_Driver/Inc/Legacy -I../Drivers/CMSIS/Device/ST/STM32F4xx/Include -I../Drivers/CMSIS/Include -O0 -ffunction-sections -fdata-sections -Wall -fstack-usage -MMD -MP -MF"Drivers/STM32F4xx_HAL_Driver/Src/stm32f4xx_hal_flash.d" -MT"Drivers/STM32F4xx_HAL_Driver/Src/stm32f4xx_hal_flash.o" --specs=nano.specs -mfpu=fpv4-sp-d16 -mfloat-abi=hard -mthumb -o "Drivers/STM32F4xx_HAL_Driver/Src/stm32f4xx_hal_flash.o"
arm-none-eabi-gcc "../Drivers/STM32F4xx_HAL_Driver/Src/stm32f4xx_hal_flash_ex.c" -mcpu=cortex-m4 -std=gnu11 -g3 -DDEBUG -DUSE_HAL_DRIVER -DSTM32F407xx -c -I../Core/Inc -I../Drivers/STM32F4xx_HAL_Driver/Inc -I../Drivers/STM32F4xx_HAL_Driver/Inc/Legacy -I../Drivers/CMSIS/Device/ST/STM32F4xx/Include -I../Drivers/CMSIS/Include -O0 -ffunction-sections -fdata-sections -Wall -fstack-usage -MMD -MP -MF"Drivers/STM32F4xx_HAL_Driver/Src/stm32f4xx_hal_flash_ex.d" -MT"Drivers/STM32F4xx_HAL_Driver/Src/stm32f4xx_hal_flash_ex.o" --specs=nano.specs -mfpu=fpv4-sp-d16 -mfloat-abi=hard -mthumb -o "Drivers/STM32F4xx_HAL_Driver/Src/stm32f4xx_hal_flash_ex.o"
arm-none-eabi-gcc "../Drivers/STM32F4xx_HAL_Driver/Src/stm32f4xx_hal_flash_ramfunc.c" -mcpu=cortex-m4 -std=gnu11 -g3 -DDEBUG -DUSE_HAL_DRIVER -DSTM32F407xx -c -I../Core/Inc -I../Drivers/STM32F4xx_HAL_Driver/Inc -I../Drivers/STM32F4xx_HAL_Driver/Inc/Legacy -I../Drivers/CMSIS/Device/ST/STM32F4xx/Include -I../Drivers/CMSIS/Include -O0 -ffunction-sections -fdata-sections -Wall -fstack-usage -MMD -MP -MF"Drivers/STM32F4xx_HAL_Driver/Src/stm32f4xx_hal_flash_ramfunc.d" -MT"Drivers/STM32F4xx_HAL_Driver/Src/stm32f4xx_hal_flash_ramfunc.o" --specs=nano.specs -mfpu=fpv4-sp-d16 -mfloat-abi=hard -mthumb -o "Drivers/STM32F4xx_HAL_Driver/Src/stm32f4xx_hal_flash_ramfunc.o"
arm-none-eabi-gcc "../Drivers/STM32F4xx_HAL_Driver/Src/stm32f4xx_hal_gpio.c" -mcpu=cortex-m4 -std=gnu11 -g3 -DDEBUG -DUSE_HAL_DRIVER -DSTM32F407xx -c -I../Core/Inc -I../Drivers/STM32F4xx_HAL_Driver/Inc -I../Drivers/STM32F4xx_HAL_Driver/Inc/Legacy -I../Drivers/CMSIS/Device/ST/STM32F4xx/Include -I../Drivers/CMSIS/Include -O0 -ffunction-sections -fdata-sections -Wall -fstack-usage -MMD -MP -MF"Drivers/STM32F4xx_HAL_Driver/Src/stm32f4xx_hal_gpio.d" -MT"Drivers/STM32F4xx_HAL_Driver/Src/stm32f4xx_hal_gpio.o" --specs=nano.specs -mfpu=fpv4-sp-d16 -mfloat-abi=hard -mthumb -o "Drivers/STM32F4xx_HAL_Driver/Src/stm32f4xx_hal_gpio.o"
arm-none-eabi-gcc "../Drivers/STM32F4xx_HAL_Driver/Src/stm32f4xx_hal_pwr.c" -mcpu=cortex-m4 -std=gnu11 -g3 -DDEBUG -DUSE_HAL_DRIVER -DSTM32F407xx -c -I../Core/Inc -I../Drivers/STM32F4xx_HAL_Driver/Inc -I../Drivers/STM32F4xx_HAL_Driver/Inc/Legacy -I../Drivers/CMSIS/Device/ST/STM32F4xx/Include -I../Drivers/CMSIS/Include -O0 -ffunction-sections -fdata-sections -Wall -fstack-usage -MMD -MP -MF"Drivers/STM32F4xx_HAL_Driver/Src/stm32f4xx_hal_pwr.d" -MT"Drivers/STM32F4xx_HAL_Driver/Src/stm32f4xx_hal_pwr.o" --specs=nano.specs -mfpu=fpv4-sp-d16 -mfloat-abi=hard -mthumb -o "Drivers/STM32F4xx_HAL_Driver/Src/stm32f4xx_hal_pwr.o"
arm-none-eabi-gcc "../Drivers/STM32F4xx_HAL_Driver/Src/stm32f4xx_hal_pwr_ex.c" -mcpu=cortex-m4 -std=gnu11 -g3 -DDEBUG -DUSE_HAL_DRIVER -DSTM32F407xx -c -I../Core/Inc -I../Drivers/STM32F4xx_HAL_Driver/Inc -I../Drivers/STM32F4xx_HAL_Driver/Inc/Legacy -I../Drivers/CMSIS/Device/ST/STM32F4xx/Include -I../Drivers/CMSIS/Include -O0 -ffunction-sections -fdata-sections -Wall -fstack-usage -MMD -MP -MF"Drivers/STM32F4xx_HAL_Driver/Src/stm32f4xx_hal_pwr_ex.d" -MT"Drivers/STM32F4xx_HAL_Driver/Src/stm32f4xx_hal_pwr_ex.o" --specs=nano.specs -mfpu=fpv4-sp-d16 -mfloat-abi=hard -mthumb -o "Drivers/STM32F4xx_HAL_Driver/Src/stm32f4xx_hal_pwr_ex.o"
arm-none-eabi-gcc "../Drivers/STM32F4xx_HAL_Driver/Src/stm32f4xx_hal_rcc.c" -mcpu=cortex-m4 -std=gnu11 -g3 -DDEBUG -DUSE_HAL_DRIVER -DSTM32F407xx -c -I../Core/Inc -I../Drivers/STM32F4xx_HAL_Driver/Inc -I../Drivers/STM32F4xx_HAL_Driver/Inc/Legacy -I../Drivers/CMSIS/Device/ST/STM32F4xx/Include -I../Drivers/CMSIS/Include -O0 -ffunction-sections -fdata-sections -Wall -fstack-usage -MMD -MP -MF"Drivers/STM32F4xx_HAL_Driver/Src/stm32f4xx_hal_rcc.d" -MT"Drivers/STM32F4xx_HAL_Driver/Src/stm32f4xx_hal_rcc.o" --specs=nano.specs -mfpu=fpv4-sp-d16 -mfloat-abi=hard -mthumb -o "Drivers/STM32F4xx_HAL_Driver/Src/stm32f4xx_hal_rcc.o"
arm-none-eabi-gcc "../Drivers/STM32F4xx_HAL_Driver/Src/stm32f4xx_hal_rcc_ex.c" -mcpu=cortex-m4 -std=gnu11 -g3 -DDEBUG -DUSE_HAL_DRIVER -DSTM32F407xx -c -I../Core/Inc -I../Drivers/STM32F4xx_HAL_Driver/Inc -I../Drivers/STM32F4xx_HAL_Driver/Inc/Legacy -I../Drivers/CMSIS/Device/ST/STM32F4xx/Include -I../Drivers/CMSIS/Include -O0 -ffunction-sections -fdata-sections -Wall -fstack-usage -MMD -MP -MF"Drivers/STM32F4xx_HAL_Driver/Src/stm32f4xx_hal_rcc_ex.d" -MT"Drivers/STM32F4xx_HAL_Driver/Src/stm32f4xx_hal_rcc_ex.o" --specs=nano.specs -mfpu=fpv4-sp-d16 -mfloat-abi=hard -mthumb -o "Drivers/STM32F4xx_HAL_Driver/Src/stm32f4xx_hal_rcc_ex.o"
arm-none-eabi-gcc "../Drivers/STM32F4xx_HAL_Driver/Src/stm32f4xx_hal_tim.c" -mcpu=cortex-m4 -std=gnu11 -g3 -DDEBUG -DUSE_HAL_DRIVER -DSTM32F407xx -c -I../Core/Inc -I../Drivers/STM32F4xx_HAL_Driver/Inc -I../Drivers/STM32F4xx_HAL_Driver/Inc/Legacy -I../Drivers/CMSIS/Device/ST/STM32F4xx/Include -I../Drivers/CMSIS/Include -O0 -ffunction-sections -fdata-sections -Wall -fstack-usage -MMD -MP -MF"Drivers/STM32F4xx_HAL_Driver/Src/stm32f4xx_hal_tim.d" -MT"Drivers/STM32F4xx_HAL_Driver/Src/stm32f4xx_hal_tim.o" --specs=nano.specs -mfpu=fpv4-sp-d16 -mfloat-abi=hard -mthumb -o "Drivers/STM32F4xx_HAL_Driver/Src/stm32f4xx_hal_tim.o"
[...]
arm-none-eabi-gcc -o "SerCom.elf" @"objects.list"   -mcpu=cortex-m4 -T"C:\Users\Damir\Desktop\WES Radionica\SerCom\STM32F407VGTX_FLASH.ld" --specs=nosys.specs -Wl,-Map="SerCom.map" -Wl,--gc-sections -static --specs=nano.specs -mfpu=fpv4-sp-d16 -mfloat-abi=hard -mthumb -Wl,--start-group -lc -lm -Wl,--end-group
Finished building target: SerCom.elf
 
arm-none-eabi-size   SerCom.elf 
arm-none-eabi-objdump -h -S  SerCom.elf  > "SerCom.list"
arm-none-eabi-objcopy  -O binary  SerCom.elf  "SerCom.bin"
   text	   data	    bss	    dec	    hex	filename
   7640	     16	   1672	   9328	   2470	SerCom.elf
Finished building: default.size.stdout
 
Finished building: SerCom.bin
 
Finished building: SerCom.list
 
18:59:45 **** Incremental Build of configuration Debug for project SerCom ****
make -j12 all 
arm-none-eabi-gcc "../Drivers/STM32F4xx_HAL_Driver/Src/stm32f4xx_hal.c" -mcpu=cortex-m4 -std=gnu11 -g3 -DDEBUG -DUSE_HAL_DRIVER -DSTM32F407xx -c -I../Core/Inc -I../Drivers/STM32F4xx_HAL_Driver/Inc -I../Drivers/STM32F4xx_HAL_Driver/Inc/Legacy -I../Drivers/CMSIS/Device/ST/STM32F4xx/Include -I../Drivers/CMSIS/Include -O0 -ffunction-sections -fdata-sections -Wall -fstack-usage -MMD -MP -MF"Drivers/STM32F4xx_HAL_Driver/Src/stm32f4xx_hal.d" -MT"Drivers/STM32F4xx_HAL_Driver/Src/stm32f4xx_hal.o" --specs=nano.specs -mfpu=fpv4-sp-d16 -mfloat-abi=hard -mthumb -o "Drivers/STM32F4xx_HAL_Driver/Src/stm32f4xx_hal.o"
arm-none-eabi-gcc "../Drivers/STM32F4xx_HAL_Driver/Src/stm32f4xx_hal_cortex.c" -mcpu=cortex-m4 -std=gnu11 -g3 -DDEBUG -DUSE_HAL_DRIVER -DSTM32F407xx -c -I../Core/Inc -I../Drivers/STM32F4xx_HAL_Driver/Inc -I../Drivers/STM32F4xx_HAL_Driver/Inc/Legacy -I../Drivers/CMSIS/Device/ST/STM32F4xx/Include -I../Drivers/CMSIS/Include -O0 -ffunction-sections -fdata-sections -Wall -fstack-usage -MMD -MP -MF"Drivers/STM32F4xx_HAL_Driver/Src/stm32f4xx_hal_cortex.d" -MT"Drivers/STM32F4xx_HAL_Driver/Src/stm32f4xx_hal_cortex.o" --specs=nano.specs -mfpu=fpv4-sp-d16 -mfloat-abi=hard -mthumb -o "Drivers/STM32F4xx_HAL_Driver/Src/stm32f4xx_hal_cortex.o"
arm-none-eabi-gcc "../Drivers/STM32F4xx_HAL_Driver/Src/stm32f4xx_hal_dma.c" -mcpu=cortex-m4 -std=gnu11 -g3 -DDEBUG -DUSE_HAL_DRIVER -DSTM32F407xx -c -I../Core/Inc -I../Drivers/STM32F4xx_HAL_Driver/Inc -I../Drivers/STM32F4xx_HAL_Driver/Inc/Legacy -I../Drivers/CMSIS/Device/ST/STM32F4xx/Include -I../Drivers/CMSIS/Include -O0 -ffunction-sections -fdata-sections -Wall -fstack-usage -MMD -MP -MF"Drivers/STM32F4xx_HAL_Driver/Src/stm32f4xx_hal_dma.d" -MT"Drivers/STM32F4xx_HAL_Driver/Src/stm32f4xx_hal_dma.o" --specs=nano.specs -mfpu=fpv4-sp-d16 -mfloat-abi=hard -mthumb -o "Drivers/STM32F4xx_HAL_Driver/Src/stm32f4xx_hal_dma.o"
arm-none-eabi-gcc "../Drivers/STM32F4xx_HAL_Driver/Src/stm32f4xx_hal_dma_ex.c" -mcpu=cortex-m4 -std=gnu11 -g3 -DDEBUG -DUSE_HAL_DRIVER -DSTM32F407xx -c -I../Core/Inc -I../Drivers/STM32F4xx_HAL_Driver/Inc -I../Drivers/STM32F4xx_HAL_Driver/Inc/Legacy -I../Drivers/CMSIS/Device/ST/STM32F4xx/Include -I../Drivers/CMSIS/Include -O0 -ffunction-sections -fdata-sections -Wall -fstack-usage -MMD -MP -MF"Drivers/STM32F4xx_HAL_Driver/Src/stm32f4xx_hal_dma_ex.d" -MT"Drivers/STM32F4xx_HAL_Driver/Src/stm32f4xx_hal_dma_ex.o" --specs=nano.specs -mfpu=fpv4-sp-d16 -mfloat-abi=hard -mthumb -o "Drivers/STM32F4xx_HAL_Driver/Src/stm32f4xx_hal_dma_ex.o"
arm-none-eabi-gcc "../Drivers/STM32F4xx_HAL_Driver/Src/stm32f4xx_hal_exti.c" -mcpu=cortex-m4 -std=gnu11 -g3 -DDEBUG -DUSE_HAL_DRIVER -DSTM32F407xx -c -I../Core/Inc -I../Drivers/STM32F4xx_HAL_Driver/Inc -I../Drivers/STM32F4xx_HAL_Driver/Inc/Legacy -I../Drivers/CMSIS/Device/ST/STM32F4xx/Include -I../Drivers/CMSIS/Include -O0 -ffunction-sections -fdata-sections -Wall -fstack-usage -MMD -MP -MF"Drivers/STM32F4xx_HAL_Driver/Src/stm32f4xx_hal_exti.d" -MT"Drivers/STM32F4xx_HAL_Driver/Src/stm32f4xx_hal_exti.o" --specs=nano.specs -mfpu=fpv4-sp-d16 -mfloat-abi=hard -mthumb -o "Drivers/STM32F4xx_HAL_Driver/Src/stm32f4xx_hal_exti.o"
arm-none-eabi-gcc "../Drivers/STM32F4xx_HAL_Driver/Src/stm32f4xx_hal_flash.c" -mcpu=cortex-m4 -std=gnu11 -g3 -DDEBUG -DUSE_HAL_DRIVER -DSTM32F407xx -c -I../Core/Inc -I../Drivers/STM32F4xx_HAL_Driver/Inc -I../Drivers/STM32F4xx_HAL_Driver/Inc/Legacy -I../Drivers/CMSIS/Device/ST/STM32F4xx/Include -I../Drivers/CMSIS/Include -O0 -ffunction-sections -fdata-sections -Wall -fstack-usage -MMD -MP -MF"Drivers/STM32F4xx_HAL_Driver/Src/stm32f4xx_hal_flash.d" -MT"Drivers/STM32F4xx_HAL_Driver/Src/stm32f4xx_hal_flash.o" --specs=nano.specs -mfpu=fpv4-sp-d16 -mfloat-abi=hard -mthumb -o "Drivers/STM32F4xx_HAL_Driver/Src/stm32f4xx_hal_flash.o"
arm-none-eabi-gcc "../Drivers/STM32F4xx_HAL_Driver/Src/stm32f4xx_hal_flash_ex.c" -mcpu=cortex-m4 -std=gnu11 -g3 -DDEBUG -DUSE_HAL_DRIVER -DSTM32F407xx -c -I../Core/Inc -I../Drivers/STM32F4xx_HAL_Driver/Inc -I../Drivers/STM32F4xx_HAL_Driver/Inc/Legacy -I../Drivers/CMSIS/Device/ST/STM32F4xx/Include -I../Drivers/CMSIS/Include -O0 -ffunction-sections -fdata-sections -Wall -fstack-usage -MMD -MP -MF"Drivers/STM32F4xx_HAL_Driver/Src/stm32f4xx_hal_flash_ex.d" -MT"Drivers/STM32F4xx_HAL_Driver/Src/stm32f4xx_hal_flash_ex.o" --specs=nano.specs -mfpu=fpv4-sp-d16 -mfloat-abi=hard -mthumb -o "Drivers/STM32F4xx_HAL_Driver/Src/stm32f4xx_hal_flash_ex.o"
arm-none-eabi-gcc "../Drivers/STM32F4xx_HAL_Driver/Src/stm32f4xx_hal_flash_ramfunc.c" -mcpu=cortex-m4 -std=gnu11 -g3 -DDEBUG -DUSE_HAL_DRIVER -DSTM32F407xx -c -I../Core/Inc -I../Drivers/STM32F4xx_HAL_Driver/Inc -I../Drivers/STM32F4xx_HAL_Driver/Inc/Legacy -I../Drivers/CMSIS/Device/ST/STM32F4xx/Include -I../Drivers/CMSIS/Include -O0 -ffunction-sections -fdata-sections -Wall -fstack-usage -MMD -MP -MF"Drivers/STM32F4xx_HAL_Driver/Src/stm32f4xx_hal_flash_ramfunc.d" -MT"Drivers/STM32F4xx_HAL_Driver/Src/stm32f4xx_hal_flash_ramfunc.o" --specs=nano.specs -mfpu=fpv4-sp-d16 -mfloat-abi=hard -mthumb -o "Drivers/STM32F4xx_HAL_Driver/Src/stm32f4xx_hal_flash_ramfunc.o"
arm-none-eabi-gcc "../Drivers/STM32F4xx_HAL_Driver/Src/stm32f4xx_hal_gpio.c" -mcpu=cortex-m4 -std=gnu11 -g3 -DDEBUG -DUSE_HAL_DRIVER -DSTM32F407xx -c -I../Core/Inc -I../Drivers/STM32F4xx_HAL_Driver/Inc -I../Drivers/STM32F4xx_HAL_Driver/Inc/Legacy -I../Drivers/CMSIS/Device/ST/STM32F4xx/Include -I../Drivers/CMSIS/Include -O0 -ffunction-sections -fdata-sections -Wall -fstack-usage -MMD -MP -MF"Drivers/STM32F4xx_HAL_Driver/Src/stm32f4xx_hal_gpio.d" -MT"Drivers/STM32F4xx_HAL_Driver/Src/stm32f4xx_hal_gpio.o" --specs=nano.specs -mfpu=fpv4-sp-d16 -mfloat-abi=hard -mthumb -o "Drivers/STM32F4xx_HAL_Driver/Src/stm32f4xx_hal_gpio.o"
arm-none-eabi-gcc "../Drivers/STM32F4xx_HAL_Driver/Src/stm32f4xx_hal_pwr.c" -mcpu=cortex-m4 -std=gnu11 -g3 -DDEBUG -DUSE_HAL_DRIVER -DSTM32F407xx -c -I../Core/Inc -I../Drivers/STM32F4xx_HAL_Driver/Inc -I../Drivers/STM32F4xx_HAL_Driver/Inc/Legacy -I../Drivers/CMSIS/Device/ST/STM32F4xx/Include -I../Drivers/CMSIS/Include -O0 -ffunction-sections -fdata-sections -Wall -fstack-usage -MMD -MP -MF"Drivers/STM32F4xx_HAL_Driver/Src/stm32f4xx_hal_pwr.d" -MT"Drivers/STM32F4xx_HAL_Driver/Src/stm32f4xx_hal_pwr.o" --specs=nano.specs -mfpu=fpv4-sp-d16 -mfloat-abi=hard -mthumb -o "Drivers/STM32F4xx_HAL_Driver/Src/stm32f4xx_hal_pwr.o"
arm-none-eabi-gcc "../Drivers/STM32F4xx_HAL_Driver/Src/stm32f4xx_hal_pwr_ex.c" -mcpu=cortex-m4 -std=gnu11 -g3 -DDEBUG -DUSE_HAL_DRIVER -DSTM32F407xx -c -I../Core/Inc -I../Drivers/STM32F4xx_HAL_Driver/Inc -I../Drivers/STM32F4xx_HAL_Driver/Inc/Legacy -I../Drivers/CMSIS/Device/ST/STM32F4xx/Include -I../Drivers/CMSIS/Include -O0 -ffunction-sections -fdata-sections -Wall -fstack-usage -MMD -MP -MF"Drivers/STM32F4xx_HAL_Driver/Src/stm32f4xx_hal_pwr_ex.d" -MT"Drivers/STM32F4xx_HAL_Driver/Src/stm32f4xx_hal_pwr_ex.o" --specs=nano.specs -mfpu=fpv4-sp-d16 -mfloat-abi=hard -mthumb -o "Drivers/STM32F4xx_HAL_Driver/Src/stm32f4xx_hal_pwr_ex.o"
arm-none-eabi-gcc "../Drivers/STM32F4xx_HAL_Driver/Src/stm32f4xx_hal_rcc.c" -mcpu=cortex-m4 -std=gnu11 -g3 -DDEBUG -DUSE_HAL_DRIVER -DSTM32F407xx -c -I../Core/Inc -I../Drivers/STM32F4xx_HAL_Driver/Inc -I../Drivers/STM32F4xx_HAL_Driver/Inc/Legacy -I../Drivers/CMSIS/Device/ST/STM32F4xx/Include -I../Drivers/CMSIS/Include -O0 -ffunction-sections -fdata-sections -Wall -fstack-usage -MMD -MP -MF"Drivers/STM32F4xx_HAL_Driver/Src/stm32f4xx_hal_rcc.d" -MT"Drivers/STM32F4xx_HAL_Driver/Src/stm32f4xx_hal_rcc.o" --specs=nano.specs -mfpu=fpv4-sp-d16 -mfloat-abi=hard -mthumb -o "Drivers/STM32F4xx_HAL_Driver/Src/stm32f4xx_hal_rcc.o"
arm-none-eabi-gcc "../Drivers/STM32F4xx_HAL_Driver/Src/stm32f4xx_hal_rcc_ex.c" -mcpu=cortex-m4 -std=gnu11 -g3 -DDEBUG -DUSE_HAL_DRIVER -DSTM32F407xx -c -I../Core/Inc -I../Drivers/STM32F4xx_HAL_Driver/Inc -I../Drivers/STM32F4xx_HAL_Driver/Inc/Legacy -I../Drivers/CMSIS/Device/ST/STM32F4xx/Include -I../Drivers/CMSIS/Include -O0 -ffunction-sections -fdata-sections -Wall -fstack-usage -MMD -MP -MF"Drivers/STM32F4xx_HAL_Driver/Src/stm32f4xx_hal_rcc_ex.d" -MT"Drivers/STM32F4xx_HAL_Driver/Src/stm32f4xx_hal_rcc_ex.o" --specs=nano.specs -mfpu=fpv4-sp-d16 -mfloat-abi=hard -mthumb -o "Drivers/STM32F4xx_HAL_Driver/Src/stm32f4xx_hal_rcc_ex.o"
arm-none-eabi-gcc "../Drivers/STM32F4xx_HAL_Driver/Src/stm32f4xx_hal_tim.c" -mcpu=cortex-m4 -std=gnu11 -g3 -DDEBUG -DUSE_HAL_DRIVER -DSTM32F407xx -c -I../Core/Inc -I../Drivers/STM32F4xx_HAL_Driver/Inc -I../Drivers/STM32F4xx_HAL_Driver/Inc/Legacy -I../Drivers/CMSIS/Device/ST/STM32F4xx/Include -I../Drivers/CMSIS/Include -O0 -ffunction-sections -fdata-sections -Wall -fstack-usage -MMD -MP -MF"Drivers/STM32F4xx_HAL_Driver/Src/stm32f4xx_hal_tim.d" -MT"Drivers/STM32F4xx_HAL_Driver/Src/stm32f4xx_hal_tim.o" --specs=nano.specs -mfpu=fpv4-sp-d16 -mfloat-abi=hard -mthumb -o "Drivers/STM32F4xx_HAL_Driver/Src/stm32f4xx_hal_tim.o"
arm-none-eabi-gcc "../Drivers/STM32F4xx_HAL_Driver/Src/stm32f4xx_hal_tim_ex.c" -mcpu=cortex-m4 -std=gnu11 -g3 -DDEBUG -DUSE_HAL_DRIVER -DSTM32F407xx -c -I../Core/Inc -I../Drivers/STM32F4xx_HAL_Driver/Inc -I../Drivers/STM32F4xx_HAL_Driver/Inc/Legacy -I../Drivers/CMSIS/Device/ST/STM32F4xx/Include -I../Drivers/CMSIS/Include -O0 -ffunction-sections -fdata-sections -Wall -fstack-usage -MMD -MP -MF"Drivers/STM32F4xx_HAL_Driver/Src/stm32f4xx_hal_tim_ex.d" -MT"Drivers/STM32F4xx_HAL_Driver/Src/stm32f4xx_hal_tim_ex.o" --specs=nano.specs -mfpu=fpv4-sp-d16 -mfloat-abi=hard -mthumb -o "Drivers/STM32F4xx_HAL_Driver/Src/stm32f4xx_hal_tim_ex.o"
arm-none-eabi-gcc "../Drivers/STM32F4xx_HAL_Driver/Src/stm32f4xx_hal_uart.c" -mcpu=cortex-m4 -std=gnu11 -g3 -DDEBUG -DUSE_HAL_DRIVER -DSTM32F407xx -c -I../Core/Inc -I../Drivers/STM32F4xx_HAL_Driver/Inc -I../Drivers/STM32F4xx_HAL_Driver/Inc/Legacy -I../Drivers/CMSIS/Device/ST/STM32F4xx/Include -I../Drivers/CMSIS/Include -O0 -ffunction-sections -fdata-sections -Wall -fstack-usage -MMD -MP -MF"Drivers/STM32F4xx_HAL_Driver/Src/stm32f4xx_hal_uart.d" -MT"Drivers/STM32F4xx_HAL_Driver/Src/stm32f4xx_hal_uart.o" --specs=nano.specs -mfpu=fpv4-sp-d16 -mfloat-abi=hard -mthumb -o "Drivers/STM32F4xx_HAL_Driver/Src/stm32f4xx_hal_uart.o"
arm-none-eabi-gcc "../Core/Src/gpio.c" -mcpu=cortex-m4 -std=gnu11 -g3 -DDEBUG -DUSE_HAL_DRIVER -DSTM32F407xx -c -I../Core/Inc -I../Drivers/STM32F4xx_HAL_Driver/Inc -I../Drivers/STM32F4xx_HAL_Driver/Inc/Legacy -I../Drivers/CMSIS/Device/ST/STM32F4xx/Include -I../Drivers/CMSIS/Include -O0 -ffunction-sections -fdata-sections -Wall -fstack-usage -MMD -MP -MF"Core/Src/gpio.d" -MT"Core/Src/gpio.o" --specs=nano.specs -mfpu=fpv4-sp-d16 -mfloat-abi=hard -mthumb -o "Core/Src/gpio.o"
arm-none-eabi-gcc "../Core/Src/main.c" -mcpu=cortex-m4 -std=gnu11 -g3 -DDEBUG -DUSE_HAL_DRIVER -DSTM32F407xx -c -I../Core/Inc -I../Drivers/STM32F4xx_HAL_Driver/Inc -I../Drivers/STM32F4xx_HAL_Driver/Inc/Legacy -I../Drivers/CMSIS/Device/ST/STM32F4xx/Include -I../Drivers/CMSIS/Include -O0 -ffunction-sections -fdata-sections -Wall -fstack-usage -MMD -MP -MF"Core/Src/main.d" -MT"Core/Src/main.o" --specs=nano.specs -mfpu=fpv4-sp-d16 -mfloat-abi=hard -mthumb -o "Core/Src/main.o"
arm-none-eabi-gcc "../Core/Src/stm32f4xx_hal_msp.c" -mcpu=cortex-m4 -std=gnu11 -g3 -DDEBUG -DUSE_HAL_DRIVER -DSTM32F407xx -c -I../Core/Inc -I../Drivers/STM32F4xx_HAL_Driver/Inc -I../Drivers/STM32F4xx_HAL_Driver/Inc/Legacy -I../Drivers/CMSIS/Device/ST/STM32F4xx/Include -I../Drivers/CMSIS/Include -O0 -ffunction-sections -fdata-sections -Wall -fstack-usage -MMD -MP -MF"Core/Src/stm32f4xx_hal_msp.d" -MT"Core/Src/stm32f4xx_hal_msp.o" --specs=nano.specs -mfpu=fpv4-sp-d16 -mfloat-abi=hard -mthumb -o "Core/Src/stm32f4xx_hal_msp.o"
arm-none-eabi-gcc "../Core/Src/stm32f4xx_it.c" -mcpu=cortex-m4 -std=gnu11 -g3 -DDEBUG -DUSE_HAL_DRIVER -DSTM32F407xx -c -I../Core/Inc -I../Drivers/STM32F4xx_HAL_Driver/Inc -I../Drivers/STM32F4xx_HAL_Driver/Inc/Legacy -I../Drivers/CMSIS/Device/ST/STM32F4xx/Include -I../Drivers/CMSIS/Include -O0 -ffunction-sections -fdata-sections -Wall -fstack-usage -MMD -MP -MF"Core/Src/stm32f4xx_it.d" -MT"Core/Src/stm32f4xx_it.o" --specs=nano.specs -mfpu=fpv4-sp-d16 -mfloat-abi=hard -mthumb -o "Core/Src/stm32f4xx_it.o"
arm-none-eabi-gcc "../Core/Src/system_stm32f4xx.c" -mcpu=cortex-m4 -std=gnu11 -g3 -DDEBUG -DUSE_HAL_DRIVER -DSTM32F407xx -c -I../Core/Inc -I../Drivers/STM32F4xx_HAL_Driver/Inc -I../Drivers/STM32F4xx_HAL_Driver/Inc/Legacy -I../Drivers/CMSIS/Device/ST/STM32F4xx/Include -I../Drivers/CMSIS/Include -O0 -ffunction-sections -fdata-sections -Wall -fstack-usage -MMD -MP -MF"Core/Src/system_stm32f4xx.d" -MT"Core/Src/system_stm32f4xx.o" --specs=nano.specs -mfpu=fpv4-sp-d16 -mfloat-abi=hard -mthumb -o "Core/Src/system_stm32f4xx.o"
arm-none-eabi-gcc "../Core/Src/usart.c" -mcpu=cortex-m4 -std=gnu11 -g3 -DDEBUG -DUSE_HAL_DRIVER -DSTM32F407xx -c -I../Core/Inc -I../Drivers/STM32F4xx_HAL_Driver/Inc -I../Drivers/STM32F4xx_HAL_Driver/Inc/Legacy -I../Drivers/CMSIS/Device/ST/STM32F4xx/Include -I../Drivers/CMSIS/Include -O0 -ffunction-sections -fdata-sections -Wall -fstack-usage -MMD -MP -MF"Core/Src/usart.d" -MT"Core/Src/usart.o" --specs=nano.specs -mfpu=fpv4-sp-d16 -mfloat-abi=hard -mthumb -o "Core/Src/usart.o"
arm-none-eabi-gcc -o "SerCom.elf" @"objects.list"   -mcpu=cortex-m4 -T"C:\Users\Damir\Desktop\WES Radionica\SerCom\STM32F407VGTX_FLASH.ld" --specs=nosys.specs -Wl,-Map="SerCom.map" -Wl,--gc-sections -static --specs=nano.specs -mfpu=fpv4-sp-d16 -mfloat-abi=hard -mthumb -Wl,--start-group -lc -lm -Wl,--end-group
Finished building target: SerCom.elf
 
arm-none-eabi-size   SerCom.elf 
arm-none-eabi-objdump -h -S  SerCom.elf  > "SerCom.list"
arm-none-eabi-objcopy  -O binary  SerCom.elf  "SerCom.bin"
   text	   data	    bss	    dec	    hex	filename
   7640	     16	   1672	   9328	   2470	SerCom.elf
Finished building: default.size.stdout
 
Finished building: SerCom.bin
 
Finished building: SerCom.list
 
19:06:04 **** Incremental Build of configuration Debug for project SerCom ****
make -j12 all 
arm-none-eabi-gcc "../Core/Src/usart.c" -mcpu=cortex-m4 -std=gnu11 -g3 -DDEBUG -DUSE_HAL_DRIVER -DSTM32F407xx -c -I../Core/Inc -I../Drivers/STM32F4xx_HAL_Driver/Inc -I../Drivers/STM32F4xx_HAL_Driver/Inc/Legacy -I../Drivers/CMSIS/Device/ST/STM32F4xx/Include -I../Drivers/CMSIS/Include -O0 -ffunction-sections -fdata-sections -Wall -fstack-usage -MMD -MP -MF"Core/Src/usart.d" -MT"Core/Src/usart.o" --specs=nano.specs -mfpu=fpv4-sp-d16 -mfloat-abi=hard -mthumb -o "Core/Src/usart.o"
arm-none-eabi-gcc -o "SerCom.elf" @"objects.list"   -mcpu=cortex-m4 -T"C:\Users\Damir\Desktop\WES Radionica\SerCom\STM32F407VGTX_FLASH.ld" --specs=nosys.specs -Wl,-Map="SerCom.map" -Wl,--gc-sections -static --specs=nano.specs -mfpu=fpv4-sp-d16 -mfloat-abi=hard -mthumb -Wl,--start-group -lc -lm -Wl,--end-group
Finished building target: SerCom.elf
 
arm-none-eabi-size   SerCom.elf 
arm-none-eabi-objdump -h -S  SerCom.elf  > "SerCom.list"
arm-none-eabi-objcopy  -O binary  SerCom.elf  "SerCom.bin"
   text	   data	    bss	    dec	    hex	filename
   7656	     16	   1672	   9344	   2480	SerCom.elf
Finished building: default.size.stdout
 
Finished building: SerCom.bin
 
Finished building: SerCom.list
 
19:15:34 **** Incremental Build of configuration Debug for project SerCom ****
make -j12 all 
arm-none-eabi-size   SerCom.elf 
   text	   data	    bss	    dec	    hex	filename
   7656	     16	   1672	   9344	   2480	SerCom.elf
Finished building: default.size.stdout
 
19:19:07 **** Incremental Build of configuration Debug for project SerCom ****
make -j12 all 
arm-none-eabi-gcc "../Core/Src/usart.c" -mcpu=cortex-m4 -std=gnu11 -g3 -DDEBUG -DUSE_HAL_DRIVER -DSTM32F407xx -c -I../Core/Inc -I../Drivers/STM32F4xx_HAL_Driver/Inc -I../Drivers/STM32F4xx_HAL_Driver/Inc/Legacy -I../Drivers/CMSIS/Device/ST/STM32F4xx/Include -I../Drivers/CMSIS/Include -O0 -ffunction-sections -fdata-sections -Wall -fstack-usage -MMD -MP -MF"Core/Src/usart.d" -MT"Core/Src/usart.o" --specs=nano.specs -mfpu=fpv4-sp-d16 -mfloat-abi=hard -mthumb -o "Core/Src/usart.o"
arm-none-eabi-gcc -o "SerCom.elf" @"objects.list"   -mcpu=cortex-m4 -T"C:\Users\Damir\Desktop\WES Radionica\SerCom\STM32F407VGTX_FLASH.ld" --specs=nosys.specs -Wl,-Map="SerCom.map" -Wl,--gc-sections -static --specs=nano.specs -mfpu=fpv4-sp-d16 -mfloat-abi=hard -mthumb -Wl,--start-group -lc -lm -Wl,--end-group
Finished building target: SerCom.elf
 
arm-none-eabi-size   SerCom.elf 
arm-none-eabi-objdump -h -S  SerCom.elf  > "SerCom.list"
arm-none-eabi-objcopy  -O binary  SerCom.elf  "SerCom.bin"
   text	   data	    bss	    dec	    hex	filename
   7656	     16	   1672	   9344	   2480	SerCom.elf
Finished building: default.size.stdout
 
Finished building: SerCom.bin
 
Finished building: SerCom.list
 
19:25:02 **** Incremental Build of configuration Debug for project SerCom ****
make -j12 all 
arm-none-eabi-gcc "../Core/Src/main.c" -mcpu=cortex-m4 -std=gnu11 -g3 -DDEBUG -DUSE_HAL_DRIVER -DSTM32F407xx -c -I../Core/Inc -I../Drivers/STM32F4xx_HAL_Driver/Inc -I../Drivers/STM32F4xx_HAL_Driver/Inc/Legacy -I../Drivers/CMSIS/Device/ST/STM32F4xx/Include -I../Drivers/CMSIS/Include -O0 -ffunction-sections -fdata-sections -Wall -fstack-usage -MMD -MP -MF"Core/Src/main.d" -MT"Core/Src/main.o" --specs=nano.specs -mfpu=fpv4-sp-d16 -mfloat-abi=hard -mthumb -o "Core/Src/main.o"
arm-none-eabi-gcc "../Core/Src/stm32f4xx_it.c" -mcpu=cortex-m4 -std=gnu11 -g3 -DDEBUG -DUSE_HAL_DRIVER -DSTM32F407xx -c -I../Core/Inc -I../Drivers/STM32F4xx_HAL_Driver/Inc -I../Drivers/STM32F4xx_HAL_Driver/Inc/Legacy -I../Drivers/CMSIS/Device/ST/STM32F4xx/Include -I../Drivers/CMSIS/Include -O0 -ffunction-sections -fdata-sections -Wall -fstack-usage -MMD -MP -MF"Core/Src/stm32f4xx_it.d" -MT"Core/Src/stm32f4xx_it.o" --specs=nano.specs -mfpu=fpv4-sp-d16 -mfloat-abi=hard -mthumb -o "Core/Src/stm32f4xx_it.o"
arm-none-eabi-gcc "../Core/Src/usart.c" -mcpu=cortex-m4 -std=gnu11 -g3 -DDEBUG -DUSE_HAL_DRIVER -DSTM32F407xx -c -I../Core/Inc -I../Drivers/STM32F4xx_HAL_Driver/Inc -I../Drivers/STM32F4xx_HAL_Driver/Inc/Legacy -I../Drivers/CMSIS/Device/ST/STM32F4xx/Include -I../Drivers/CMSIS/Include -O0 -ffunction-sections -fdata-sections -Wall -fstack-usage -MMD -MP -MF"Core/Src/usart.d" -MT"Core/Src/usart.o" --specs=nano.specs -mfpu=fpv4-sp-d16 -mfloat-abi=hard -mthumb -o "Core/Src/usart.o"
arm-none-eabi-gcc -o "SerCom.elf" @"objects.list"   -mcpu=cortex-m4 -T"C:\Users\Damir\Desktop\WES Radionica\SerCom\STM32F407VGTX_FLASH.ld" --specs=nosys.specs -Wl,-Map="SerCom.map" -Wl,--gc-sections -static --specs=nano.specs -mfpu=fpv4-sp-d16 -mfloat-abi=hard -mthumb -Wl,--start-group -lc -lm -Wl,--end-group
Finished building target: SerCom.elf
 
arm-none-eabi-size   SerCom.elf 
arm-none-eabi-objdump -h -S  SerCom.elf  > "SerCom.list"
arm-none-eabi-objcopy  -O binary  SerCom.elf  "SerCom.bin"
   text	   data	    bss	    dec	    hex	filename
   7668	     16	   1672	   9356	   248c	SerCom.elf
Finished building: default.size.stdout
 
Finished building: SerCom.bin
 
Finished building: SerCom.list
 
